Archive member included because of file (symbol)

c:/program files (x86)/arduino/hardware/tools/gcc-arm-none-eabi-4.8.3-2014q1/bin/../lib/gcc/arm-none-eabi/4.8.3/armv6-m\libgcc.a(_udivsi3.o)
                              debug_arduino_zero/delay.o (__aeabi_uidiv)
c:/program files (x86)/arduino/hardware/tools/gcc-arm-none-eabi-4.8.3-2014q1/bin/../lib/gcc/arm-none-eabi/4.8.3/armv6-m\libgcc.a(_divsi3.o)
                              debug_arduino_zero/startup.o (__aeabi_idiv)
c:/program files (x86)/arduino/hardware/tools/gcc-arm-none-eabi-4.8.3-2014q1/bin/../lib/gcc/arm-none-eabi/4.8.3/armv6-m\libgcc.a(_dvmd_tls.o)
                              c:/program files (x86)/arduino/hardware/tools/gcc-arm-none-eabi-4.8.3-2014q1/bin/../lib/gcc/arm-none-eabi/4.8.3/armv6-m\libgcc.a(_udivsi3.o) (__aeabi_idiv0)
c:/program files (x86)/arduino/hardware/tools/gcc-arm-none-eabi-4.8.3-2014q1/bin/../lib/gcc/arm-none-eabi/4.8.3/armv6-m\libgcc.a(_arm_cmpdf2.o)
                              debug_arduino_zero/Print.o (__aeabi_dcmplt)
c:/program files (x86)/arduino/hardware/tools/gcc-arm-none-eabi-4.8.3-2014q1/bin/../lib/gcc/arm-none-eabi/4.8.3/armv6-m\libgcc.a(_fixunssfsi.o)
                              debug_arduino_zero/SERCOM.o (__aeabi_f2uiz)
c:/program files (x86)/arduino/hardware/tools/gcc-arm-none-eabi-4.8.3-2014q1/bin/../lib/gcc/arm-none-eabi/4.8.3/armv6-m\libgcc.a(_fixunsdfsi.o)
                              debug_arduino_zero/Print.o (__aeabi_d2uiz)
c:/program files (x86)/arduino/hardware/tools/gcc-arm-none-eabi-4.8.3-2014q1/bin/../lib/gcc/arm-none-eabi/4.8.3/armv6-m\libgcc.a(divsf3.o)
                              debug_arduino_zero/SERCOM.o (__aeabi_fdiv)
c:/program files (x86)/arduino/hardware/tools/gcc-arm-none-eabi-4.8.3-2014q1/bin/../lib/gcc/arm-none-eabi/4.8.3/armv6-m\libgcc.a(mulsf3.o)
                              debug_arduino_zero/SERCOM.o (__aeabi_fmul)
c:/program files (x86)/arduino/hardware/tools/gcc-arm-none-eabi-4.8.3-2014q1/bin/../lib/gcc/arm-none-eabi/4.8.3/armv6-m\libgcc.a(subsf3.o)
                              debug_arduino_zero/SERCOM.o (__aeabi_fsub)
c:/program files (x86)/arduino/hardware/tools/gcc-arm-none-eabi-4.8.3-2014q1/bin/../lib/gcc/arm-none-eabi/4.8.3/armv6-m\libgcc.a(fixsfsi.o)
                              c:/program files (x86)/arduino/hardware/tools/gcc-arm-none-eabi-4.8.3-2014q1/bin/../lib/gcc/arm-none-eabi/4.8.3/armv6-m\libgcc.a(_fixunssfsi.o) (__aeabi_f2iz)
c:/program files (x86)/arduino/hardware/tools/gcc-arm-none-eabi-4.8.3-2014q1/bin/../lib/gcc/arm-none-eabi/4.8.3/armv6-m\libgcc.a(floatsisf.o)
                              debug_arduino_zero/Stream.o (__aeabi_i2f)
c:/program files (x86)/arduino/hardware/tools/gcc-arm-none-eabi-4.8.3-2014q1/bin/../lib/gcc/arm-none-eabi/4.8.3/armv6-m\libgcc.a(floatunsisf.o)
                              debug_arduino_zero/SERCOM.o (__aeabi_ui2f)
c:/program files (x86)/arduino/hardware/tools/gcc-arm-none-eabi-4.8.3-2014q1/bin/../lib/gcc/arm-none-eabi/4.8.3/armv6-m\libgcc.a(adddf3.o)
                              debug_arduino_zero/Print.o (__aeabi_dadd)
c:/program files (x86)/arduino/hardware/tools/gcc-arm-none-eabi-4.8.3-2014q1/bin/../lib/gcc/arm-none-eabi/4.8.3/armv6-m\libgcc.a(divdf3.o)
                              debug_arduino_zero/Print.o (__aeabi_ddiv)
c:/program files (x86)/arduino/hardware/tools/gcc-arm-none-eabi-4.8.3-2014q1/bin/../lib/gcc/arm-none-eabi/4.8.3/armv6-m\libgcc.a(eqdf2.o)
                              c:/program files (x86)/arduino/hardware/tools/gcc-arm-none-eabi-4.8.3-2014q1/bin/../lib/gcc/arm-none-eabi/4.8.3/armv6-m\libgcc.a(_arm_cmpdf2.o) (__eqdf2)
c:/program files (x86)/arduino/hardware/tools/gcc-arm-none-eabi-4.8.3-2014q1/bin/../lib/gcc/arm-none-eabi/4.8.3/armv6-m\libgcc.a(gedf2.o)
                              c:/program files (x86)/arduino/hardware/tools/gcc-arm-none-eabi-4.8.3-2014q1/bin/../lib/gcc/arm-none-eabi/4.8.3/armv6-m\libgcc.a(_arm_cmpdf2.o) (__gedf2)
c:/program files (x86)/arduino/hardware/tools/gcc-arm-none-eabi-4.8.3-2014q1/bin/../lib/gcc/arm-none-eabi/4.8.3/armv6-m\libgcc.a(ledf2.o)
                              c:/program files (x86)/arduino/hardware/tools/gcc-arm-none-eabi-4.8.3-2014q1/bin/../lib/gcc/arm-none-eabi/4.8.3/armv6-m\libgcc.a(_arm_cmpdf2.o) (__ledf2)
c:/program files (x86)/arduino/hardware/tools/gcc-arm-none-eabi-4.8.3-2014q1/bin/../lib/gcc/arm-none-eabi/4.8.3/armv6-m\libgcc.a(muldf3.o)
                              debug_arduino_zero/Print.o (__aeabi_dmul)
c:/program files (x86)/arduino/hardware/tools/gcc-arm-none-eabi-4.8.3-2014q1/bin/../lib/gcc/arm-none-eabi/4.8.3/armv6-m\libgcc.a(subdf3.o)
                              debug_arduino_zero/Print.o (__aeabi_dsub)
c:/program files (x86)/arduino/hardware/tools/gcc-arm-none-eabi-4.8.3-2014q1/bin/../lib/gcc/arm-none-eabi/4.8.3/armv6-m\libgcc.a(fixdfsi.o)
                              debug_arduino_zero/Print.o (__aeabi_d2iz)
[...]
Memory Configuration

Name             Origin             Length             Attributes
FLASH            0x00000000         0x00020000         xr
RAM              0x20000000         0x00004000         xrw
*default*        0x00000000         0xffffffff

Linker script and memory map

LOAD c:/program files (x86)/arduino/hardware/tools/gcc-arm-none-eabi-4.8.3-2014q1/bin/../lib/gcc/arm-none-eabi/4.8.3/armv6-m/crti.o
LOAD c:/program files (x86)/arduino/hardware/tools/gcc-arm-none-eabi-4.8.3-2014q1/bin/../lib/gcc/arm-none-eabi/4.8.3/armv6-m/crtbegin.o
LOAD c:/program files (x86)/arduino/hardware/tools/gcc-arm-none-eabi-4.8.3-2014q1/bin/../lib/gcc/arm-none-eabi/4.8.3/../../../../arm-none-eabi/lib/armv6-m/crt0.o
LOAD debug_arduino_zero/delay.o
LOAD debug_arduino_zero/hooks.o
LOAD debug_arduino_zero/itoa.o
LOAD debug_arduino_zero/startup.o
LOAD debug_arduino_zero/syscalls.o
LOAD debug_arduino_zero/WInterrupts.o
LOAD debug_arduino_zero/wiring.o
LOAD debug_arduino_zero/wiring_analog.o
LOAD debug_arduino_zero/wiring_digital.o
LOAD debug_arduino_zero/wiring_shift.o
LOAD debug_arduino_zero/test.o
LOAD debug_arduino_zero/IPAddress.o
LOAD debug_arduino_zero/main.o
LOAD debug_arduino_zero/Print.o
LOAD debug_arduino_zero/Reset.o
LOAD debug_arduino_zero/RingBuffer.o
LOAD debug_arduino_zero/SERCOM.o
LOAD debug_arduino_zero/Stream.o
LOAD debug_arduino_zero/Tone.o
LOAD debug_arduino_zero/Uart.o
LOAD debug_arduino_zero/wiring_pulse.o
LOAD debug_arduino_zero/WMath.o
LOAD debug_arduino_zero/WString.o
LOAD debug_arduino_zero/variant.o
START GROUP
LOAD c:/program files (x86)/arduino/hardware/tools/gcc-arm-none-eabi-4.8.3-2014q1/bin/../lib/gcc/arm-none-eabi/4.8.3/armv6-m\libgcc.a
LOAD c:/program files (x86)/arduino/hardware/tools/gcc-arm-none-eabi-4.8.3-2014q1/bin/../lib/gcc/arm-none-eabi/4.8.3/../../../../arm-none-eabi/lib/armv6-m\libc.a
LOAD c:/program files (x86)/arduino/hardware/tools/gcc-arm-none-eabi-4.8.3-2014q1/bin/../lib/gcc/arm-none-eabi/4.8.3/../../../../arm-none-eabi/lib/armv6-m\libstdc++.a
END GROUP
START GROUP
LOAD c:/program files (x86)/arduino/hardware/tools/gcc-arm-none-eabi-4.8.3-2014q1/bin/../lib/gcc/arm-none-eabi/4.8.3/armv6-m\libgcc.a
LOAD c:/program files (x86)/arduino/hardware/tools/gcc-arm-none-eabi-4.8.3-2014q1/bin/../lib/gcc/arm-none-eabi/4.8.3/../../../../arm-none-eabi/lib/armv6-m\libc.a
END GROUP
LOAD c:/program files (x86)/arduino/hardware/tools/gcc-arm-none-eabi-4.8.3-2014q1/bin/../lib/gcc/arm-none-eabi/4.8.3/armv6-m/crtend.o
LOAD c:/program files (x86)/arduino/hardware/tools/gcc-arm-none-eabi-4.8.3-2014q1/bin/../lib/gcc/arm-none-eabi/4.8.3/armv6-m/crtn.o

.text           0x00000000    0x14894
 *(.isr_vector)
 .isr_vector    0x00000000       0xb0 debug_arduino_zero/startup.o
                0x00000000                exception_table
 *(.text*)
 .text          0x000000b0       0x60 c:/program files (x86)/arduino/hardware/tools/gcc-arm-none-eabi-4.8.3-2014q1/bin/../lib/gcc/arm-none-eabi/4.8.3/armv6-m/crtbegin.o
 .text.millis   0x00000110       0x14 debug_arduino_zero/delay.o
                0x00000110                millis
 .text.SysTick_Handler
                0x00000124       0x28 debug_arduino_zero/delay.o
                0x00000124                SysTick_Handler
 .text.itoa     0x0000014c       0x2c debug_arduino_zero/itoa.o
                0x0000014c                itoa
 .text.ltoa     0x00000178       0xf8 debug_arduino_zero/itoa.o
                0x00000178                ltoa
 .text.ultoa    0x00000270       0xc4 debug_arduino_zero/itoa.o
                0x00000270                ultoa
 .text.NVIC_SetPriority
                0x00000334       0xe0 debug_arduino_zero/startup.o
 .text.SysTick_Config
                0x00000414       0x4c debug_arduino_zero/startup.o
 .text.NMI_Handler
                0x00000460        0x8 debug_arduino_zero/startup.o
                0x00000460                NMI_Handler
 .text.HardFault_Handler
                0x00000468        0x8 debug_arduino_zero/startup.o
                0x00000468                HardFault_Handler
 .text.SVC_Handler
                0x00000470        0x8 debug_arduino_zero/startup.o
                0x00000470                SVC_Handler
 .text.PendSV_Handler
                0x00000478        0x8 debug_arduino_zero/startup.o
                0x00000478                PendSV_Handler
 .text.SystemInit
                0x00000480       0x18 debug_arduino_zero/startup.o
                0x00000480                SystemInit
 .text.print_byte
                0x00000498       0x38 debug_arduino_zero/startup.o
                0x00000498                print_byte
 .text.DecToLong
                0x000004d0       0x70 debug_arduino_zero/startup.o
                0x000004d0                DecToLong
 .text.printf_c
                0x00000540      0x15c debug_arduino_zero/startup.o
                0x00000540                printf_c
 .text.PrintChar
                0x0000069c       0x24 debug_arduino_zero/startup.o
 .text.PrintDec
                0x000006c0      0x200 debug_arduino_zero/startup.o
 .text.PrintHex
                0x000008c0      0x398 debug_arduino_zero/startup.o
 .text.PrintString
                0x00000c58       0x3c debug_arduino_zero/startup.o
 .text.Power    0x00000c94       0x34 debug_arduino_zero/startup.o
 .text.Reset_Handler
                0x00000cc8      0x1f8 debug_arduino_zero/startup.o
                0x00000cc8                Reset_Handler
 .text.Dummy_Handler
                0x00000ec0        0x8 debug_arduino_zero/startup.o
                0x00000ec0                DMAC_Handler
                0x00000ec0                AC_Handler
                0x00000ec0                TC7_Handler
                0x00000ec0                SERCOM1_Handler
                0x00000ec0                ADC_Handler
                0x00000ec0                TCC1_Handler
                0x00000ec0                SERCOM2_Handler
                0x00000ec0                RTC_Handler
                0x00000ec0                TC6_Handler
                0x00000ec0                WDT_Handler
                0x00000ec0                TC4_Handler
                0x00000ec0                TC3_Handler
                0x00000ec0                Dummy_Handler
                0x00000ec0                PWM1_Handler
                0x00000ec0                PM_Handler
                0x00000ec0                PWM3_Handler
                0x00000ec0                EVSYS_Handler
                0x00000ec0                SERCOM3_Handler
                0x00000ec0                SERCOM4_Handler
                0x00000ec0                I2S_Handler
                0x00000ec0                NVMCTRL_Handler
                0x00000ec0                DAC_Handler
                0x00000ec0                PORT0_Handler
                0x00000ec0                PTC_Handler
                0x00000ec0                SYSCTRL_Handler
 .text._sbrk    0x00000ec8       0x54 debug_arduino_zero/syscalls.o
                0x00000ec8                _sbrk
 .text._close   0x00000f1c       0x14 debug_arduino_zero/syscalls.o
                0x00000f1c                _close
 .text._fstat   0x00000f30       0x1c debug_arduino_zero/syscalls.o
                0x00000f30                _fstat
 .text._isatty  0x00000f4c       0x14 debug_arduino_zero/syscalls.o
                0x00000f4c                _isatty
 .text._lseek   0x00000f60       0x18 debug_arduino_zero/syscalls.o
                0x00000f60                _lseek
 .text._read    0x00000f78       0x18 debug_arduino_zero/syscalls.o
                0x00000f78                _read
 .text._write   0x00000f90       0x6c debug_arduino_zero/syscalls.o
                0x00000f90                _write
 .text._exit    0x00000ffc       0x20 debug_arduino_zero/syscalls.o
                0x00000ffc                _exit
 .text._kill    0x0000101c       0x14 debug_arduino_zero/syscalls.o
                0x0000101c                _kill
 .text._getpid  0x00001030       0x10 debug_arduino_zero/syscalls.o
                0x00001030                _getpid
 .text.EIC_Handler
                0x00001040       0x88 debug_arduino_zero/WInterrupts.o
                0x00001040                EIC_Handler
 .text.NVIC_SetPriority
                0x000010c8       0xe0 debug_arduino_zero/wiring.o
 .text.SysTick_Config
                0x000011a8       0x4c debug_arduino_zero/wiring.o
 .text.init     0x000011f4       0xf0 debug_arduino_zero/wiring.o
                0x000011f4                init
 .text.ADC_CH_Init
                0x000012e4      0x198 debug_arduino_zero/wiring_analog.o
                0x000012e4                ADC_CH_Init
 .text.analogRead
                0x0000147c       0x50 debug_arduino_zero/wiring_analog.o
                0x0000147c                analogRead
 .text.pinMode  0x000014cc      0x1c0 debug_arduino_zero/wiring_digital.o
                0x000014cc                pinMode
 .text._ZN15StringSumHelperC2ERK6String
                0x0000168c       0x24 debug_arduino_zero/test.o
                0x0000168c                StringSumHelper::StringSumHelper(String const&)
                0x0000168c                StringSumHelper::StringSumHelper(String const&)
 .text.setup    0x000016b0      0x100 debug_arduino_zero/test.o
                0x000016b0                setup
 .text._ZN15StringSumHelperD2Ev
                0x000017b0       0x20 debug_arduino_zero/test.o
                0x000017b0                StringSumHelper::~StringSumHelper()
                0x000017b0                StringSumHelper::~StringSumHelper()
 .text.loop     0x000017d0      0x294 debug_arduino_zero/test.o
                0x000017d0                loop
 .text._Z41__static_initialization_and_destruction_0ii
                0x00001a64       0x98 debug_arduino_zero/test.o
 .text._GLOBAL__sub_I_temps
                0x00001afc       0x1c debug_arduino_zero/test.o
 .text._ZN9PrintableC2Ev
                0x00001b18       0x1c debug_arduino_zero/IPAddress.o
                0x00001b18                Printable::Printable()
                0x00001b18                Printable::Printable()
 .text._ZN9IPAddressC2Ehhhh
                0x00001b34       0x5c debug_arduino_zero/IPAddress.o
                0x00001b34                IPAddress::IPAddress(unsigned char, unsigned char, unsigned char, unsigned char)
                0x00001b34                IPAddress::IPAddress(unsigned char, unsigned char, unsigned char, unsigned char)
 .text._ZNK9IPAddress7printToER5Print
                0x00001b90       0x78 debug_arduino_zero/IPAddress.o
                0x00001b90                IPAddress::printTo(Print&) const
 .text._Z41__static_initialization_and_destruction_0ii
                0x00001c08       0x3c debug_arduino_zero/IPAddress.o
 .text._GLOBAL__sub_I__ZN9IPAddressC2Ev
                0x00001c44       0x1c debug_arduino_zero/IPAddress.o
 .text.main     0x00001c60       0x84 debug_arduino_zero/main.o
                0x00001c60                main
 .text._ZNK6String6lengthEv
                0x00001ce4       0x14 debug_arduino_zero/Print.o
                0x00001ce4                String::length() const
 .text._ZNK6String5c_strEv
                0x00001cf8       0x14 debug_arduino_zero/Print.o
                0x00001cf8                String::c_str() const
 .text._ZN5Print5writeEPKc
                0x00001d0c       0x40 debug_arduino_zero/Print.o
                0x00001d0c                Print::write(char const*)
 .text._ZN5Print5writeEPKcj
                0x00001d4c       0x28 debug_arduino_zero/Print.o
                0x00001d4c                Print::write(char const*, unsigned int)
 .text._ZN5Print5writeEPKhj
                0x00001d74       0x4c debug_arduino_zero/Print.o
                0x00001d74                Print::write(unsigned char const*, unsigned int)
 .text._ZN5Print5printERK6String
                0x00001dc0       0x40 debug_arduino_zero/Print.o
                0x00001dc0                Print::print(String const&)
 .text._ZN5Print5printEPKc
                0x00001e00       0x24 debug_arduino_zero/Print.o
                0x00001e00                Print::print(char const*)
 .text._ZN5Print5printEc
                0x00001e24       0x2c debug_arduino_zero/Print.o
                0x00001e24                Print::print(char)
 .text._ZN5Print5printEhi
                0x00001e50       0x34 debug_arduino_zero/Print.o
                0x00001e50                Print::print(unsigned char, int)
 .text._ZN5Print5printEmi
                0x00001e84       0x48 debug_arduino_zero/Print.o
                0x00001e84                Print::print(unsigned long, int)
 .text._ZN5Print7printlnEv
                0x00001ecc       0x38 debug_arduino_zero/Print.o
                0x00001ecc                Print::println()
 .text._ZN5Print7printlnERK6String
                0x00001f04       0x3c debug_arduino_zero/Print.o
                0x00001f04                Print::println(String const&)
 .text._ZN5Print7printlnEPKc
                0x00001f40       0x3c debug_arduino_zero/Print.o
                0x00001f40                Print::println(char const*)
 .text._ZN5Print11printNumberEmh
                0x00001f7c       0xb0 debug_arduino_zero/Print.o
                0x00001f7c                Print::printNumber(unsigned long, unsigned char)
 .text._ZN10RingBufferC2Ev
                0x0000202c       0x30 debug_arduino_zero/RingBuffer.o
                0x0000202c                RingBuffer::RingBuffer()
                0x0000202c                RingBuffer::RingBuffer()
 .text._ZN10RingBuffer5clearEv
                0x0000205c       0x1c debug_arduino_zero/RingBuffer.o
                0x0000205c                RingBuffer::clear()
 .text._ZN10RingBuffer4peekEv
                0x00002078       0x2c debug_arduino_zero/RingBuffer.o
                0x00002078                RingBuffer::peek()
 .text._ZN6SERCOMC2EP6Sercom
                0x000020a4       0x1c debug_arduino_zero/SERCOM.o
                0x000020a4                SERCOM::SERCOM(Sercom*)
                0x000020a4                SERCOM::SERCOM(Sercom*)
 .text._Z6noToneh
                0x000020c0       0xe4 debug_arduino_zero/Tone.o
                0x000020c0                noTone(unsigned char)
 .text.TC5_Handler
                0x000021a4       0x6c debug_arduino_zero/Tone.o
                0x000021a4                TC5_Handler
 .text._ZN5PrintC2Ev
                0x00002210       0x24 debug_arduino_zero/Uart.o
                0x00002210                Print::Print()
                0x00002210                Print::Print()
 .text._ZN6StreamC2Ev
                0x00002234       0x30 debug_arduino_zero/Uart.o
                0x00002234                Stream::Stream()
                0x00002234                Stream::Stream()
 .text._ZN4UartcvbEv
                0x00002264       0x14 debug_arduino_zero/Uart.o
                0x00002264                Uart::operator bool()
 .text._ZN14HardwareSerialC2Ev
                0x00002278       0x28 debug_arduino_zero/Uart.o
                0x00002278                HardwareSerial::HardwareSerial()
                0x00002278                HardwareSerial::HardwareSerial()
 .text._ZN4UartC2EP6SERCOMhh
                0x000022a0       0x44 debug_arduino_zero/Uart.o
                0x000022a0                Uart::Uart(SERCOM*, unsigned char, unsigned char)
                0x000022a0                Uart::Uart(SERCOM*, unsigned char, unsigned char)
 .text._ZN4Uart5beginEm
                0x000022e4       0x10 debug_arduino_zero/Uart.o
                0x000022e4                Uart::begin(unsigned long)
 .text._ZN4Uart3endEv
                0x000022f4       0x10 debug_arduino_zero/Uart.o
                0x000022f4                Uart::end()
 .text._ZN4Uart5flushEv
                0x00002304       0x10 debug_arduino_zero/Uart.o
                0x00002304                Uart::flush()
 .text._ZN4Uart10IrqHandlerEv
                0x00002314       0x10 debug_arduino_zero/Uart.o
                0x00002314                Uart::IrqHandler()
 .text._ZN4Uart9availableEv
                0x00002324       0x2c debug_arduino_zero/Uart.o
                0x00002324                Uart::available()
 .text._ZN4Uart4peekEv
                0x00002350       0x20 debug_arduino_zero/Uart.o
                0x00002350                Uart::peek()
 .text._ZN4Uart4readEv
                0x00002370       0x1c debug_arduino_zero/Uart.o
                0x00002370                Uart::read()
 .text._ZN4Uart5writeEh
                0x0000238c       0x3c debug_arduino_zero/Uart.o
                0x0000238c                Uart::write(unsigned char)
 .text.SERCOM0_Handler
                0x000023c8       0x18 debug_arduino_zero/Uart.o
                0x000023c8                SERCOM0_Handler
 .text.SERCOM5_Handler
                0x000023e0       0x18 debug_arduino_zero/Uart.o
                0x000023e0                SERCOM5_Handler
 .text._ZN6StringC2EPKc
                0x000023f8       0x48 debug_arduino_zero/WString.o
                0x000023f8                String::String(char const*)
                0x000023f8                String::String(char const*)
 .text._ZN6StringC2ERKS_
                0x00002440       0x30 debug_arduino_zero/WString.o
                0x00002440                String::String(String const&)
                0x00002440                String::String(String const&)
 .text._ZN6StringD2Ev
                0x00002470       0x20 debug_arduino_zero/WString.o
                0x00002470                String::~String()
                0x00002470                String::~String()
 .text._ZN6String4initEv
                0x00002490       0x20 debug_arduino_zero/WString.o
                0x00002490                String::init()
 .text._ZN6String10invalidateEv
                0x000024b0       0x38 debug_arduino_zero/WString.o
                0x000024b0                String::invalidate()
 .text._ZN6String7reserveEj
                0x000024e8       0x5c debug_arduino_zero/WString.o
                0x000024e8                String::reserve(unsigned int)
 .text._ZN6String12changeBufferEj
                0x00002544       0x44 debug_arduino_zero/WString.o
                0x00002544                String::changeBuffer(unsigned int)
 .text._ZN6String4copyEPKcj
                0x00002588       0x5c debug_arduino_zero/WString.o
                0x00002588                String::copy(char const*, unsigned int)
 .text._ZN6StringaSERKS_
                0x000025e4       0x50 debug_arduino_zero/WString.o
                0x000025e4                String::operator=(String const&)
 .text._ZN6StringaSEPKc
                0x00002634       0x48 debug_arduino_zero/WString.o
                0x00002634                String::operator=(char const*)
 .text._ZN6String6concatEPKcj
                0x0000267c       0x74 debug_arduino_zero/WString.o
                0x0000267c                String::concat(char const*, unsigned int)
 .text._ZN6String6concatEc
                0x000026f0       0x40 debug_arduino_zero/WString.o
                0x000026f0                String::concat(char)
 .text._ZN6String6concatEi
                0x00002730       0x4c debug_arduino_zero/WString.o
                0x00002730                String::concat(int)
 .text._ZN6String6concatEm
                0x0000277c       0x4c debug_arduino_zero/WString.o
                0x0000277c                String::concat(unsigned long)
 .text._ZplRK15StringSumHelperRK6String
                0x000027c8       0x48 debug_arduino_zero/WString.o
                0x000027c8                operator+(StringSumHelper const&, String const&)
 .text._ZplRK15StringSumHelperPKc
                0x00002810       0x5c debug_arduino_zero/WString.o
                0x00002810                operator+(StringSumHelper const&, char const*)
 .text._ZplRK15StringSumHelperc
                0x0000286c       0x48 debug_arduino_zero/WString.o
                0x0000286c                operator+(StringSumHelper const&, char)
 .text._ZplRK15StringSumHelperi
                0x000028b4       0x40 debug_arduino_zero/WString.o
                0x000028b4                operator+(StringSumHelper const&, int)
 .text._ZplRK15StringSumHelperm
                0x000028f4       0x40 debug_arduino_zero/WString.o
                0x000028f4                operator+(StringSumHelper const&, unsigned long)
 .text._Z41__static_initialization_and_destruction_0ii
                0x00002934       0xcc debug_arduino_zero/variant.o
 .text._GLOBAL__sub_I_g_APinDescription
                0x00002a00       0x1c debug_arduino_zero/variant.o
 .text          0x00002a1c       0x9c c:/program files (x86)/arduino/hardware/tools/gcc-arm-none-eabi-4.8.3-2014q1/bin/../lib/gcc/arm-none-eabi/4.8.3/armv6-m\libgcc.a(_udivsi3.o)
                0x00002a1c                __aeabi_uidiv
                0x00002a1c                __udivsi3
                0x00002aa4                __aeabi_uidivmod
 .text          0x00002ab8       0xc0 c:/program files (x86)/arduino/hardware/tools/gcc-arm-none-eabi-4.8.3-2014q1/bin/../lib/gcc/arm-none-eabi/4.8.3/armv6-m\libgcc.a(_divsi3.o)
                0x00002ab8                __divsi3
                0x00002ab8                __aeabi_idiv
                0x00002b64                __aeabi_idivmod
 .text          0x00002b78        0x4 c:/program files (x86)/arduino/hardware/tools/gcc-arm-none-eabi-4.8.3-2014q1/bin/../lib/gcc/arm-none-eabi/4.8.3/armv6-m\libgcc.a(_dvmd_tls.o)
                0x00002b78                __aeabi_idiv0
                0x00002b78                __aeabi_ldiv0
 .text          0x00002b7c       0x7c c:/program files (x86)/arduino/hardware/tools/gcc-arm-none-eabi-4.8.3-2014q1/bin/../lib/gcc/arm-none-eabi/4.8.3/armv6-m\libgcc.a(_arm_cmpdf2.o)
                0x00002b7c                __aeabi_cdrcmple
                0x00002b8c                __aeabi_cdcmple
                0x00002b8c                __aeabi_cdcmpeq
                0x00002b9c                __aeabi_dcmpeq
                0x00002ba8                __aeabi_dcmplt
                0x00002bbc                __aeabi_dcmple
                0x00002bd0                __aeabi_dcmpgt
                0x00002be4                __aeabi_dcmpge
 .text          0x00002bf8      0x638 c:/program files (x86)/arduino/hardware/tools/gcc-arm-none-eabi-4.8.3-2014q1/bin/../lib/gcc/arm-none-eabi/4.8.3/armv6-m\libgcc.a(adddf3.o)
                0x00002bf8                __aeabi_dadd
 .text          0x00003230      0x648 c:/program files (x86)/arduino/hardware/tools/gcc-arm-none-eabi-4.8.3-2014q1/bin/../lib/gcc/arm-none-eabi/4.8.3/armv6-m\libgcc.a(divdf3.o)
                0x00003230                __aeabi_ddiv
 .text          0x00003878       0x94 c:/program files (x86)/arduino/hardware/tools/gcc-arm-none-eabi-4.8.3-2014q1/bin/../lib/gcc/arm-none-eabi/4.8.3/armv6-m\libgcc.a(eqdf2.o)
                0x00003878                __nedf2
                0x00003878                __eqdf2
 .text          0x0000390c       0xfc c:/program files (x86)/arduino/hardware/tools/gcc-arm-none-eabi-4.8.3-2014q1/bin/../lib/gcc/arm-none-eabi/4.8.3/armv6-m\libgcc.a(gedf2.o)
                0x0000390c                __gedf2
                0x0000390c                __gtdf2
 .text          0x00003a08       0xfc c:/program files (x86)/arduino/hardware/tools/gcc-arm-none-eabi-4.8.3-2014q1/bin/../lib/gcc/arm-none-eabi/4.8.3/armv6-m\libgcc.a(ledf2.o)
                0x00003a08                __ledf2
                0x00003a08                __ltdf2
 .text          0x00003b04      0x520 c:/program files (x86)/arduino/hardware/tools/gcc-arm-none-eabi-4.8.3-2014q1/bin/../lib/gcc/arm-none-eabi/4.8.3/armv6-m\libgcc.a(muldf3.o)
                0x00003b04                __aeabi_dmul
 .text          0x00004024      0x654 c:/program files (x86)/arduino/hardware/tools/gcc-arm-none-eabi-4.8.3-2014q1/bin/../lib/gcc/arm-none-eabi/4.8.3/armv6-m\libgcc.a(subdf3.o)
                0x00004024                __aeabi_dsub
 .text          0x00004678       0x68 c:/program files (x86)/arduino/hardware/tools/gcc-arm-none-eabi-4.8.3-2014q1/bin/../lib/gcc/arm-none-eabi/4.8.3/armv6-m\libgcc.a(fixdfsi.o)
                0x00004678                __aeabi_d2iz
 .text          0x000046e0       0x7c c:/program files (x86)/arduino/hardware/tools/gcc-arm-none-eabi-4.8.3-2014q1/bin/../lib/gcc/arm-none-eabi/4.8.3/armv6-m\libgcc.a(floatsidf.o)
                0x000046e0                __aeabi_i2d
 .text          0x0000475c       0x68 c:/program files (x86)/arduino/hardware/tools/gcc-arm-none-eabi-4.8.3-2014q1/bin/../lib/gcc/arm-none-eabi/4.8.3/armv6-m\libgcc.a(floatunsidf.o)
                0x0000475c                __aeabi_ui2d
 .text          0x000047c4      0xa34 c:/program files (x86)/arduino/hardware/tools/gcc-arm-none-eabi-4.8.3-2014q1/bin/../lib/gcc/arm-none-eabi/4.8.3/armv6-m\libgcc.a(unwind-arm.o)
                0x00004a9c                _Unwind_GetCFA
                0x00004aa0                __gnu_Unwind_RaiseException
                0x00004af0                __gnu_Unwind_ForcedUnwind
                0x00004b04                __gnu_Unwind_Resume
                0x00004b4c                __gnu_Unwind_Resume_or_Rethrow
                0x00004b68                _Unwind_Complete
                0x00004b6c                _Unwind_DeleteException
                0x00004b7c                _Unwind_VRS_Get
                0x00004bc8                _Unwind_VRS_Set
                0x00004c18                __gnu_Unwind_Backtrace
                0x00004f70                __aeabi_unwind_cpp_pr0
                0x00004f7c                __aeabi_unwind_cpp_pr1
                0x00004f88                __aeabi_unwind_cpp_pr2
                0x00004f94                _Unwind_VRS_Pop
 .text          0x000051f8      0x144 c:/program files (x86)/arduino/hardware/tools/gcc-arm-none-eabi-4.8.3-2014q1/bin/../lib/gcc/arm-none-eabi/4.8.3/armv6-m\libgcc.a(libunwind.o)
                0x000051f8                __restore_core_regs
                0x000051f8                restore_core_regs
                0x00005224                __gnu_Unwind_Restore_VFP
                0x00005228                __gnu_Unwind_Save_VFP
                0x0000522c                __gnu_Unwind_Restore_VFP_D
                0x00005230                __gnu_Unwind_Save_VFP_D
                0x00005234                __gnu_Unwind_Restore_VFP_D_16_to_31
                0x00005238                __gnu_Unwind_Save_VFP_D_16_to_31
                0x0000523c                __gnu_Unwind_Restore_WMMXD
                0x00005240                __gnu_Unwind_Save_WMMXD
                0x00005244                __gnu_Unwind_Restore_WMMXC
                0x00005248                __gnu_Unwind_Save_WMMXC
                0x0000524c                ___Unwind_RaiseException
                0x0000524c                _Unwind_RaiseException
                0x0000527c                _Unwind_Resume
                0x0000527c                ___Unwind_Resume
                0x000052ac                _Unwind_Resume_or_Rethrow
                0x000052ac                ___Unwind_Resume_or_Rethrow
                0x000052dc                _Unwind_ForcedUnwind
                0x000052dc                ___Unwind_ForcedUnwind
                0x0000530c                ___Unwind_Backtrace
                0x0000530c                _Unwind_Backtrace
 .text          0x0000533c      0x3a4 c:/program files (x86)/arduino/hardware/tools/gcc-arm-none-eabi-4.8.3-2014q1/bin/../lib/gcc/arm-none-eabi/4.8.3/armv6-m\libgcc.a(pr-support.o)
                0x00005390                __gnu_unwind_execute
                0x00005688                __gnu_unwind_frame
                0x000056b0                _Unwind_GetRegionStart
                0x000056bc                _Unwind_GetLanguageSpecificData
                0x000056d0                _Unwind_GetDataRelBase
                0x000056d8                _Unwind_GetTextRelBase
 .text          0x000056e0       0x3c c:/program files (x86)/arduino/hardware/tools/gcc-arm-none-eabi-4.8.3-2014q1/bin/../lib/gcc/arm-none-eabi/4.8.3/armv6-m\libgcc.a(_clzsi2.o)
                0x000056e0                __clzsi2
 .text.abort    0x0000571c       0x10 c:/program files (x86)/arduino/hardware/tools/gcc-arm-none-eabi-4.8.3-2014q1/bin/../lib/gcc/arm-none-eabi/4.8.3/../../../../arm-none-eabi/lib/armv6-m\libc.a(lib_a-abort.o)
                0x0000571c                abort
 .text.__aeabi_atexit
                0x0000572c       0x10 c:/program files (x86)/arduino/hardware/tools/gcc-arm-none-eabi-4.8.3-2014q1/bin/../lib/gcc/arm-none-eabi/4.8.3/../../../../arm-none-eabi/lib/armv6-m\libc.a(lib_a-aeabi_atexit.o)
                0x0000572c                __aeabi_atexit
 .text.__cxa_atexit
                0x0000573c       0x14 c:/program files (x86)/arduino/hardware/tools/gcc-arm-none-eabi-4.8.3-2014q1/bin/../lib/gcc/arm-none-eabi/4.8.3/../../../../arm-none-eabi/lib/armv6-m\libc.a(lib_a-cxa_atexit.o)
                0x0000573c                __cxa_atexit
 .text.__libc_init_array
                0x00005750       0x48 c:/program files (x86)/arduino/hardware/tools/gcc-arm-none-eabi-4.8.3-2014q1/bin/../lib/gcc/arm-none-eabi/4.8.3/../../../../arm-none-eabi/lib/armv6-m\libc.a(lib_a-init.o)
                0x00005750                __libc_init_array
 .text.iprintf  0x00005798       0x24 c:/program files (x86)/arduino/hardware/tools/gcc-arm-none-eabi-4.8.3-2014q1/bin/../lib/gcc/arm-none-eabi/4.8.3/../../../../arm-none-eabi/lib/armv6-m\libc.a(lib_a-iprintf.o)
                0x00005798                iprintf
 .text.malloc   0x000057bc       0x14 c:/program files (x86)/arduino/hardware/tools/gcc-arm-none-eabi-4.8.3-2014q1/bin/../lib/gcc/arm-none-eabi/4.8.3/../../../../arm-none-eabi/lib/armv6-m\libc.a(lib_a-malloc.o)
                0x000057bc                malloc
 .text.free     0x000057d0       0x14 c:/program files (x86)/arduino/hardware/tools/gcc-arm-none-eabi-4.8.3-2014q1/bin/../lib/gcc/arm-none-eabi/4.8.3/../../../../arm-none-eabi/lib/armv6-m\libc.a(lib_a-malloc.o)
                0x000057d0                free
 .text._malloc_r
                0x000057e4      0x50c c:/program files (x86)/arduino/hardware/tools/gcc-arm-none-eabi-4.8.3-2014q1/bin/../lib/gcc/arm-none-eabi/4.8.3/../../../../arm-none-eabi/lib/armv6-m\libc.a(lib_a-mallocr.o)
                0x000057e4                _malloc_r
 .text.memcmp   0x00005cf0       0x4c c:/program files (x86)/arduino/hardware/tools/gcc-arm-none-eabi-4.8.3-2014q1/bin/../lib/gcc/arm-none-eabi/4.8.3/../../../../arm-none-eabi/lib/armv6-m\libc.a(lib_a-memcmp.o)
                0x00005cf0                memcmp
 .text.memcpy   0x00005d3c       0x84 c:/program files (x86)/arduino/hardware/tools/gcc-arm-none-eabi-4.8.3-2014q1/bin/../lib/gcc/arm-none-eabi/4.8.3/../../../../arm-none-eabi/lib/armv6-m\libc.a(lib_a-memcpy-stub.o)
                0x00005d3c                memcpy
 .text.memmove  0x00005dc0       0xa4 c:/program files (x86)/arduino/hardware/tools/gcc-arm-none-eabi-4.8.3-2014q1/bin/../lib/gcc/arm-none-eabi/4.8.3/../../../../arm-none-eabi/lib/armv6-m\libc.a(lib_a-memmove.o)
                0x00005dc0                memmove
 .text.memset   0x00005e64       0x9c c:/program files (x86)/arduino/hardware/tools/gcc-arm-none-eabi-4.8.3-2014q1/bin/../lib/gcc/arm-none-eabi/4.8.3/../../../../arm-none-eabi/lib/armv6-m\libc.a(lib_a-memset.o)
                0x00005e64                memset
 .text.__malloc_lock
                0x00005f00        0x4 c:/program files (x86)/arduino/hardware/tools/gcc-arm-none-eabi-4.8.3-2014q1/bin/../lib/gcc/arm-none-eabi/4.8.3/../../../../arm-none-eabi/lib/armv6-m\libc.a(lib_a-mlock.o)
                0x00005f00                __malloc_lock
 .text.__malloc_unlock
                0x00005f04        0x4 c:/program files (x86)/arduino/hardware/tools/gcc-arm-none-eabi-4.8.3-2014q1/bin/../lib/gcc/arm-none-eabi/4.8.3/../../../../arm-none-eabi/lib/armv6-m\libc.a(lib_a-mlock.o)
                0x00005f04                __malloc_unlock
 .text.realloc  0x00005f08       0x18 c:/program files (x86)/arduino/hardware/tools/gcc-arm-none-eabi-4.8.3-2014q1/bin/../lib/gcc/arm-none-eabi/4.8.3/../../../../arm-none-eabi/lib/armv6-m\libc.a(lib_a-realloc.o)
                0x00005f08                realloc
 .text._realloc_r
                0x00005f20      0x360 c:/program files (x86)/arduino/hardware/tools/gcc-arm-none-eabi-4.8.3-2014q1/bin/../lib/gcc/arm-none-eabi/4.8.3/../../../../arm-none-eabi/lib/armv6-m\libc.a(lib_a-reallocr.o)
                0x00005f20                _realloc_r
 .text.__fpclassifyd
                0x00006280       0x60 c:/program files (x86)/arduino/hardware/tools/gcc-arm-none-eabi-4.8.3-2014q1/bin/../lib/gcc/arm-none-eabi/4.8.3/../../../../arm-none-eabi/lib/armv6-m\libc.a(lib_a-s_fpclassify.o)
                0x00006280                __fpclassifyd
 .text._sbrk_r  0x000062e0       0x24 c:/program files (x86)/arduino/hardware/tools/gcc-arm-none-eabi-4.8.3-2014q1/bin/../lib/gcc/arm-none-eabi/4.8.3/../../../../arm-none-eabi/lib/armv6-m\libc.a(lib_a-sbrkr.o)
                0x000062e0                _sbrk_r
 .text._raise_r
                0x00006304       0x5c c:/program files (x86)/arduino/hardware/tools/gcc-arm-none-eabi-4.8.3-2014q1/bin/../lib/gcc/arm-none-eabi/4.8.3/../../../../arm-none-eabi/lib/armv6-m\libc.a(lib_a-signal.o)
                0x00006304                _raise_r
 .text.raise    0x00006360       0x14 c:/program files (x86)/arduino/hardware/tools/gcc-arm-none-eabi-4.8.3-2014q1/bin/../lib/gcc/arm-none-eabi/4.8.3/../../../../arm-none-eabi/lib/armv6-m\libc.a(lib_a-signal.o)
                0x00006360                raise
 .text._kill_r  0x00006374       0x28 c:/program files (x86)/arduino/hardware/tools/gcc-arm-none-eabi-4.8.3-2014q1/bin/../lib/gcc/arm-none-eabi/4.8.3/../../../../arm-none-eabi/lib/armv6-m\libc.a(lib_a-signalr.o)
                0x00006374                _kill_r
 .text._getpid_r
                0x0000639c        0x8 c:/program files (x86)/arduino/hardware/tools/gcc-arm-none-eabi-4.8.3-2014q1/bin/../lib/gcc/arm-none-eabi/4.8.3/../../../../arm-none-eabi/lib/armv6-m\libc.a(lib_a-signalr.o)
                0x0000639c                _getpid_r
 .text          0x000063a4       0x14 c:/program files (x86)/arduino/hardware/tools/gcc-arm-none-eabi-4.8.3-2014q1/bin/../lib/gcc/arm-none-eabi/4.8.3/../../../../arm-none-eabi/lib/armv6-m\libc.a(lib_a-strcmp.o)
                0x000063a4                strcmp
 .text.strcpy   0x000063b8       0x10 c:/program files (x86)/arduino/hardware/tools/gcc-arm-none-eabi-4.8.3-2014q1/bin/../lib/gcc/arm-none-eabi/4.8.3/../../../../arm-none-eabi/lib/armv6-m\libc.a(lib_a-strcpy.o)
                0x000063b8                strcpy
 .text.strlen   0x000063c8       0x10 c:/program files (x86)/arduino/hardware/tools/gcc-arm-none-eabi-4.8.3-2014q1/bin/../lib/gcc/arm-none-eabi/4.8.3/../../../../arm-none-eabi/lib/armv6-m\libc.a(lib_a-strlen.o)
                0x000063c8                strlen
 .text.strncmp  0x000063d8       0xb8 c:/program files (x86)/arduino/hardware/tools/gcc-arm-none-eabi-4.8.3-2014q1/bin/../lib/gcc/arm-none-eabi/4.8.3/../../../../arm-none-eabi/lib/armv6-m\libc.a(lib_a-strncmp.o)
                0x000063d8                strncmp
 .text.__sprint_r.part.0
                0x00006490       0x7c c:/program files (x86)/arduino/hardware/tools/gcc-arm-none-eabi-4.8.3-2014q1/bin/../lib/gcc/arm-none-eabi/4.8.3/../../../../arm-none-eabi/lib/armv6-m\libc.a(lib_a-vfiprintf.o)
 .text._vfiprintf_r
                0x0000650c      0xbc8 c:/program files (x86)/arduino/hardware/tools/gcc-arm-none-eabi-4.8.3-2014q1/bin/../lib/gcc/arm-none-eabi/4.8.3/../../../../arm-none-eabi/lib/armv6-m\libc.a(lib_a-vfiprintf.o)
                0x0000650c                _vfiprintf_r
 .text.__sbprintf
                0x000070d4       0x74 c:/program files (x86)/arduino/hardware/tools/gcc-arm-none-eabi-4.8.3-2014q1/bin/../lib/gcc/arm-none-eabi/4.8.3/../../../../arm-none-eabi/lib/armv6-m\libc.a(lib_a-vfiprintf.o)
 .text.__swsetup_r
                0x00007148       0xd0 c:/program files (x86)/arduino/hardware/tools/gcc-arm-none-eabi-4.8.3-2014q1/bin/../lib/gcc/arm-none-eabi/4.8.3/../../../../arm-none-eabi/lib/armv6-m\libc.a(lib_a-wsetup.o)
                0x00007148                __swsetup_r
 .text.__register_exitproc
                0x00007218       0xc0 c:/program files (x86)/arduino/hardware/tools/gcc-arm-none-eabi-4.8.3-2014q1/bin/../lib/gcc/arm-none-eabi/4.8.3/../../../../arm-none-eabi/lib/armv6-m\libc.a(lib_a-__atexit.o)
                0x00007218                __register_exitproc
 .text.startup.register_fini
                0x000072d8       0x18 c:/program files (x86)/arduino/hardware/tools/gcc-arm-none-eabi-4.8.3-2014q1/bin/../lib/gcc/arm-none-eabi/4.8.3/../../../../arm-none-eabi/lib/armv6-m\libc.a(lib_a-__call_atexit.o)
 .text.atexit   0x000072f0       0x10 c:/program files (x86)/arduino/hardware/tools/gcc-arm-none-eabi-4.8.3-2014q1/bin/../lib/gcc/arm-none-eabi/4.8.3/../../../../arm-none-eabi/lib/armv6-m\libc.a(lib_a-atexit.o)
                0x000072f0                atexit
 .text.__sflush_r
                0x00007300      0x154 c:/program files (x86)/arduino/hardware/tools/gcc-arm-none-eabi-4.8.3-2014q1/bin/../lib/gcc/arm-none-eabi/4.8.3/../../../../arm-none-eabi/lib/armv6-m\libc.a(lib_a-fflush.o)
                0x00007300                __sflush_r
 .text._fflush_r
                0x00007454       0x2c c:/program files (x86)/arduino/hardware/tools/gcc-arm-none-eabi-4.8.3-2014q1/bin/../lib/gcc/arm-none-eabi/4.8.3/../../../../arm-none-eabi/lib/armv6-m\libc.a(lib_a-fflush.o)
                0x00007454                _fflush_r
 .text._cleanup_r
                0x00007480       0x10 c:/program files (x86)/arduino/hardware/tools/gcc-arm-none-eabi-4.8.3-2014q1/bin/../lib/gcc/arm-none-eabi/4.8.3/../../../../arm-none-eabi/lib/armv6-m\libc.a(lib_a-findfp.o)
                0x00007480                _cleanup_r
 .text.__sinit  0x00007490       0xfc c:/program files (x86)/arduino/hardware/tools/gcc-arm-none-eabi-4.8.3-2014q1/bin/../lib/gcc/arm-none-eabi/4.8.3/../../../../arm-none-eabi/lib/armv6-m\libc.a(lib_a-findfp.o)
                0x00007490                __sinit
 .text.__sfp_lock_acquire
                0x0000758c        0x4 c:/program files (x86)/arduino/hardware/tools/gcc-arm-none-eabi-4.8.3-2014q1/bin/../lib/gcc/arm-none-eabi/4.8.3/../../../../arm-none-eabi/lib/armv6-m\libc.a(lib_a-findfp.o)
                0x0000758c                __sfp_lock_acquire
 .text.__sfp_lock_release
                0x00007590        0x4 c:/program files (x86)/arduino/hardware/tools/gcc-arm-none-eabi-4.8.3-2014q1/bin/../lib/gcc/arm-none-eabi/4.8.3/../../../../arm-none-eabi/lib/armv6-m\libc.a(lib_a-findfp.o)
                0x00007590                __sfp_lock_release
 .text.__libc_fini_array
                0x00007594       0x30 c:/program files (x86)/arduino/hardware/tools/gcc-arm-none-eabi-4.8.3-2014q1/bin/../lib/gcc/arm-none-eabi/4.8.3/../../../../arm-none-eabi/lib/armv6-m\libc.a(lib_a-fini.o)
                0x00007594                __libc_fini_array
 .text._fputwc_r
                0x000075c4       0xc4 c:/program files (x86)/arduino/hardware/tools/gcc-arm-none-eabi-4.8.3-2014q1/bin/../lib/gcc/arm-none-eabi/4.8.3/../../../../arm-none-eabi/lib/armv6-m\libc.a(lib_a-fputwc.o)
                0x000075c4                _fputwc_r
 .text._malloc_trim_r
                0x00007688       0xa0 c:/program files (x86)/arduino/hardware/tools/gcc-arm-none-eabi-4.8.3-2014q1/bin/../lib/gcc/arm-none-eabi/4.8.3/../../../../arm-none-eabi/lib/armv6-m\libc.a(lib_a-freer.o)
                0x00007688                _malloc_trim_r
 .text._free_r  0x00007728      0x190 c:/program files (x86)/arduino/hardware/tools/gcc-arm-none-eabi-4.8.3-2014q1/bin/../lib/gcc/arm-none-eabi/4.8.3/../../../../arm-none-eabi/lib/armv6-m\libc.a(lib_a-freer.o)
                0x00007728                _free_r
 .text.__sfvwrite_r
                0x000078b8      0x318 c:/program files (x86)/arduino/hardware/tools/gcc-arm-none-eabi-4.8.3-2014q1/bin/../lib/gcc/arm-none-eabi/4.8.3/../../../../arm-none-eabi/lib/armv6-m\libc.a(lib_a-fvwrite.o)
                0x000078b8                __sfvwrite_r
 .text._fwalk   0x00007bd0       0x44 c:/program files (x86)/arduino/hardware/tools/gcc-arm-none-eabi-4.8.3-2014q1/bin/../lib/gcc/arm-none-eabi/4.8.3/../../../../arm-none-eabi/lib/armv6-m\libc.a(lib_a-fwalk.o)
                0x00007bd0                _fwalk
 .text.__locale_charset
                0x00007c14        0x8 c:/program files (x86)/arduino/hardware/tools/gcc-arm-none-eabi-4.8.3-2014q1/bin/../lib/gcc/arm-none-eabi/4.8.3/../../../../arm-none-eabi/lib/armv6-m\libc.a(lib_a-locale.o)
                0x00007c14                __locale_charset
 .text.__locale_mb_cur_max
                0x00007c1c        0xc c:/program files (x86)/arduino/hardware/tools/gcc-arm-none-eabi-4.8.3-2014q1/bin/../lib/gcc/arm-none-eabi/4.8.3/../../../../arm-none-eabi/lib/armv6-m\libc.a(lib_a-locale.o)
                0x00007c1c                __locale_mb_cur_max
 .text._localeconv_r
                0x00007c28        0x8 c:/program files (x86)/arduino/hardware/tools/gcc-arm-none-eabi-4.8.3-2014q1/bin/../lib/gcc/arm-none-eabi/4.8.3/../../../../arm-none-eabi/lib/armv6-m\libc.a(lib_a-locale.o)
                0x00007c28                _localeconv_r
 .text.__smakebuf_r
                0x00007c30       0xe0 c:/program files (x86)/arduino/hardware/tools/gcc-arm-none-eabi-4.8.3-2014q1/bin/../lib/gcc/arm-none-eabi/4.8.3/../../../../arm-none-eabi/lib/armv6-m\libc.a(lib_a-makebuf.o)
                0x00007c30                __smakebuf_r
 .text.memchr   0x00007d10       0x84 c:/program files (x86)/arduino/hardware/tools/gcc-arm-none-eabi-4.8.3-2014q1/bin/../lib/gcc/arm-none-eabi/4.8.3/../../../../arm-none-eabi/lib/armv6-m\libc.a(lib_a-memchr-stub.o)
                0x00007d10                memchr
 .text._Balloc  0x00007d94       0x50 c:/program files (x86)/arduino/hardware/tools/gcc-arm-none-eabi-4.8.3-2014q1/bin/../lib/gcc/arm-none-eabi/4.8.3/../../../../arm-none-eabi/lib/armv6-m\libc.a(lib_a-mprec.o)
                0x00007d94                _Balloc
 .text._Bfree   0x00007de4       0x14 c:/program files (x86)/arduino/hardware/tools/gcc-arm-none-eabi-4.8.3-2014q1/bin/../lib/gcc/arm-none-eabi/4.8.3/../../../../arm-none-eabi/lib/armv6-m\libc.a(lib_a-mprec.o)
                0x00007de4                _Bfree
 .text.__multadd
                0x00007df8       0xa8 c:/program files (x86)/arduino/hardware/tools/gcc-arm-none-eabi-4.8.3-2014q1/bin/../lib/gcc/arm-none-eabi/4.8.3/../../../../arm-none-eabi/lib/armv6-m\libc.a(lib_a-mprec.o)
                0x00007df8                __multadd
 .text.__hi0bits
                0x00007ea0       0x3c c:/program files (x86)/arduino/hardware/tools/gcc-arm-none-eabi-4.8.3-2014q1/bin/../lib/gcc/arm-none-eabi/4.8.3/../../../../arm-none-eabi/lib/armv6-m\libc.a(lib_a-mprec.o)
                0x00007ea0                __hi0bits
 .text.__lo0bits
                0x00007edc       0x5c c:/program files (x86)/arduino/hardware/tools/gcc-arm-none-eabi-4.8.3-2014q1/bin/../lib/gcc/arm-none-eabi/4.8.3/../../../../arm-none-eabi/lib/armv6-m\libc.a(lib_a-mprec.o)
                0x00007edc                __lo0bits
 .text.__i2b    0x00007f38       0x14 c:/program files (x86)/arduino/hardware/tools/gcc-arm-none-eabi-4.8.3-2014q1/bin/../lib/gcc/arm-none-eabi/4.8.3/../../../../arm-none-eabi/lib/armv6-m\libc.a(lib_a-mprec.o)
                0x00007f38                __i2b
 .text.__multiply
                0x00007f4c      0x144 c:/program files (x86)/arduino/hardware/tools/gcc-arm-none-eabi-4.8.3-2014q1/bin/../lib/gcc/arm-none-eabi/4.8.3/../../../../arm-none-eabi/lib/armv6-m\libc.a(lib_a-mprec.o)
                0x00007f4c                __multiply
 .text.__pow5mult
                0x00008090       0xb8 c:/program files (x86)/arduino/hardware/tools/gcc-arm-none-eabi-4.8.3-2014q1/bin/../lib/gcc/arm-none-eabi/4.8.3/../../../../arm-none-eabi/lib/armv6-m\libc.a(lib_a-mprec.o)
                0x00008090                __pow5mult
 .text.__lshift
                0x00008148       0xc0 c:/program files (x86)/arduino/hardware/tools/gcc-arm-none-eabi-4.8.3-2014q1/bin/../lib/gcc/arm-none-eabi/4.8.3/../../../../arm-none-eabi/lib/armv6-m\libc.a(lib_a-mprec.o)
                0x00008148                __lshift
 .text.__mcmp   0x00008208       0x38 c:/program files (x86)/arduino/hardware/tools/gcc-arm-none-eabi-4.8.3-2014q1/bin/../lib/gcc/arm-none-eabi/4.8.3/../../../../arm-none-eabi/lib/armv6-m\libc.a(lib_a-mprec.o)
                0x00008208                __mcmp
 .text.__mdiff  0x00008240       0xe8 c:/program files (x86)/arduino/hardware/tools/gcc-arm-none-eabi-4.8.3-2014q1/bin/../lib/gcc/arm-none-eabi/4.8.3/../../../../arm-none-eabi/lib/armv6-m\libc.a(lib_a-mprec.o)
                0x00008240                __mdiff
 .text.__d2b    0x00008328       0xbc c:/program files (x86)/arduino/hardware/tools/gcc-arm-none-eabi-4.8.3-2014q1/bin/../lib/gcc/arm-none-eabi/4.8.3/../../../../arm-none-eabi/lib/armv6-m\libc.a(lib_a-mprec.o)
                0x00008328                __d2b
 .text.__sread  0x000083e4       0x28 c:/program files (x86)/arduino/hardware/tools/gcc-arm-none-eabi-4.8.3-2014q1/bin/../lib/gcc/arm-none-eabi/4.8.3/../../../../arm-none-eabi/lib/armv6-m\libc.a(lib_a-stdio.o)
                0x000083e4                __sread
 .text.__swrite
                0x0000840c       0x38 c:/program files (x86)/arduino/hardware/tools/gcc-arm-none-eabi-4.8.3-2014q1/bin/../lib/gcc/arm-none-eabi/4.8.3/../../../../arm-none-eabi/lib/armv6-m\libc.a(lib_a-stdio.o)
                0x0000840c                __swrite
 .text.__sseek  0x00008444       0x2c c:/program files (x86)/arduino/hardware/tools/gcc-arm-none-eabi-4.8.3-2014q1/bin/../lib/gcc/arm-none-eabi/4.8.3/../../../../arm-none-eabi/lib/armv6-m\libc.a(lib_a-stdio.o)
                0x00008444                __sseek
 .text.__sclose
                0x00008470        0xc c:/program files (x86)/arduino/hardware/tools/gcc-arm-none-eabi-4.8.3-2014q1/bin/../lib/gcc/arm-none-eabi/4.8.3/../../../../arm-none-eabi/lib/armv6-m\libc.a(lib_a-stdio.o)
                0x00008470                __sclose
 .text.__swbuf_r
                0x0000847c       0xb8 c:/program files (x86)/arduino/hardware/tools/gcc-arm-none-eabi-4.8.3-2014q1/bin/../lib/gcc/arm-none-eabi/4.8.3/../../../../arm-none-eabi/lib/armv6-m\libc.a(lib_a-wbuf.o)
                0x0000847c                __swbuf_r
 .text._wcrtomb_r
                0x00008534       0x58 c:/program files (x86)/arduino/hardware/tools/gcc-arm-none-eabi-4.8.3-2014q1/bin/../lib/gcc/arm-none-eabi/4.8.3/../../../../arm-none-eabi/lib/armv6-m\libc.a(lib_a-wcrtomb.o)
                0x00008534                _wcrtomb_r
 .text.__ascii_wctomb
                0x0000858c       0x1c c:/program files (x86)/arduino/hardware/tools/gcc-arm-none-eabi-4.8.3-2014q1/bin/../lib/gcc/arm-none-eabi/4.8.3/../../../../arm-none-eabi/lib/armv6-m\libc.a(lib_a-wctomb_r.o)
                0x0000858c                __ascii_wctomb
 .text._write_r
                0x000085a8       0x28 c:/program files (x86)/arduino/hardware/tools/gcc-arm-none-eabi-4.8.3-2014q1/bin/../lib/gcc/arm-none-eabi/4.8.3/../../../../arm-none-eabi/lib/armv6-m\libc.a(lib_a-writer.o)
                0x000085a8                _write_r
 .text._calloc_r
                0x000085d0       0x60 c:/program files (x86)/arduino/hardware/tools/gcc-arm-none-eabi-4.8.3-2014q1/bin/../lib/gcc/arm-none-eabi/4.8.3/../../../../arm-none-eabi/lib/armv6-m\libc.a(lib_a-callocr.o)
                0x000085d0                _calloc_r
 .text._close_r
                0x00008630       0x24 c:/program files (x86)/arduino/hardware/tools/gcc-arm-none-eabi-4.8.3-2014q1/bin/../lib/gcc/arm-none-eabi/4.8.3/../../../../arm-none-eabi/lib/armv6-m\libc.a(lib_a-closer.o)
                0x00008630                _close_r
 .text._fclose_r
                0x00008654       0x8c c:/program files (x86)/arduino/hardware/tools/gcc-arm-none-eabi-4.8.3-2014q1/bin/../lib/gcc/arm-none-eabi/4.8.3/../../../../arm-none-eabi/lib/armv6-m\libc.a(lib_a-fclose.o)
                0x00008654                _fclose_r
 .text.fclose   0x000086e0       0x14 c:/program files (x86)/arduino/hardware/tools/gcc-arm-none-eabi-4.8.3-2014q1/bin/../lib/gcc/arm-none-eabi/4.8.3/../../../../arm-none-eabi/lib/armv6-m\libc.a(lib_a-fclose.o)
                0x000086e0                fclose
 .text._fstat_r
                0x000086f4       0x28 c:/program files (x86)/arduino/hardware/tools/gcc-arm-none-eabi-4.8.3-2014q1/bin/../lib/gcc/arm-none-eabi/4.8.3/../../../../arm-none-eabi/lib/armv6-m\libc.a(lib_a-fstatr.o)
                0x000086f4                _fstat_r
 .text._isatty_r
                0x0000871c       0x24 c:/program files (x86)/arduino/hardware/tools/gcc-arm-none-eabi-4.8.3-2014q1/bin/../lib/gcc/arm-none-eabi/4.8.3/../../../../arm-none-eabi/lib/armv6-m\libc.a(lib_a-isattyr.o)
                0x0000871c                _isatty_r
 .text._lseek_r
                0x00008740       0x28 c:/program files (x86)/arduino/hardware/tools/gcc-arm-none-eabi-4.8.3-2014q1/bin/../lib/gcc/arm-none-eabi/4.8.3/../../../../arm-none-eabi/lib/armv6-m\libc.a(lib_a-lseekr.o)
                0x00008740                _lseek_r
 .text._read_r  0x00008768       0x28 c:/program files (x86)/arduino/hardware/tools/gcc-arm-none-eabi-4.8.3-2014q1/bin/../lib/gcc/arm-none-eabi/4.8.3/../../../../arm-none-eabi/lib/armv6-m\libc.a(lib_a-readr.o)
                0x00008768                _read_r
 .text.__cxa_pure_virtual
                0x00008790       0x14 c:/program files (x86)/arduino/hardware/tools/gcc-arm-none-eabi-4.8.3-2014q1/bin/../lib/gcc/arm-none-eabi/4.8.3/../../../../arm-none-eabi/lib/armv6-m\libstdc++.a(pure.o)
                0x00008790                __cxa_pure_virtual
 .text.__cxa_end_cleanup
                0x000087a4        0xc c:/program files (x86)/arduino/hardware/tools/gcc-arm-none-eabi-4.8.3-2014q1/bin/../lib/gcc/arm-none-eabi/4.8.3/../../../../arm-none-eabi/lib/armv6-m\libstdc++.a(eh_arm.o)
                0x000087a4                __cxa_end_cleanup
 .text.__cxa_type_match
                0x000087b0       0xb8 c:/program files (x86)/arduino/hardware/tools/gcc-arm-none-eabi-4.8.3-2014q1/bin/../lib/gcc/arm-none-eabi/4.8.3/../../../../arm-none-eabi/lib/armv6-m\libstdc++.a(eh_arm.o)
                0x000087b0                __cxa_type_match
 .text.__cxa_begin_cleanup
                0x00008868       0x60 c:/program files (x86)/arduino/hardware/tools/gcc-arm-none-eabi-4.8.3-2014q1/bin/../lib/gcc/arm-none-eabi/4.8.3/../../../../arm-none-eabi/lib/armv6-m\libstdc++.a(eh_arm.o)
                0x00008868                __cxa_begin_cleanup
 .text.__gnu_end_cleanup
                0x000088c8       0x70 c:/program files (x86)/arduino/hardware/tools/gcc-arm-none-eabi-4.8.3-2014q1/bin/../lib/gcc/arm-none-eabi/4.8.3/../../../../arm-none-eabi/lib/armv6-m\libstdc++.a(eh_arm.o)
                0x000088c8                __gnu_end_cleanup
 .text._ZNK10__cxxabiv117__class_type_info11__do_upcastEPKS0_PPv
                0x00008938       0x38 c:/program files (x86)/arduino/hardware/tools/gcc-arm-none-eabi-4.8.3-2014q1/bin/../lib/gcc/arm-none-eabi/4.8.3/../../../../arm-none-eabi/lib/armv6-m\libstdc++.a(class_type_info.o)
                0x00008938                __cxxabiv1::__class_type_info::__do_upcast(__cxxabiv1::__class_type_info const*, void**) const
 .text._ZNK10__cxxabiv117__class_type_info20__do_find_public_srcEiPKvPKS0_S2_
                0x00008970       0x10 c:/program files (x86)/arduino/hardware/tools/gcc-arm-none-eabi-4.8.3-2014q1/bin/../lib/gcc/arm-none-eabi/4.8.3/../../../../arm-none-eabi/lib/armv6-m\libstdc++.a(class_type_info.o)
                0x00008970                __cxxabiv1::__class_type_info::__do_find_public_src(int, void const*, __cxxabiv1::__class_type_info const*, void const*) const
 .text._ZN10__cxxabiv117__class_type_infoD2Ev
                0x00008980       0x18 c:/program files (x86)/arduino/hardware/tools/gcc-arm-none-eabi-4.8.3-2014q1/bin/../lib/gcc/arm-none-eabi/4.8.3/../../../../arm-none-eabi/lib/armv6-m\libstdc++.a(class_type_info.o)
                0x00008980                __cxxabiv1::__class_type_info::~__class_type_info()
                0x00008980                __cxxabiv1::__class_type_info::~__class_type_info()
 .text._ZN10__cxxabiv117__class_type_infoD0Ev
                0x00008998       0x1c c:/program files (x86)/arduino/hardware/tools/gcc-arm-none-eabi-4.8.3-2014q1/bin/../lib/gcc/arm-none-eabi/4.8.3/../../../../arm-none-eabi/lib/armv6-m\libstdc++.a(class_type_info.o)
                0x00008998                __cxxabiv1::__class_type_info::~__class_type_info()
 .text._ZNK10__cxxabiv117__class_type_info11__do_upcastEPKS0_PKvRNS0_15__upcast_resultE
                0x000089b4       0x1c c:/program files (x86)/arduino/hardware/tools/gcc-arm-none-eabi-4.8.3-2014q1/bin/../lib/gcc/arm-none-eabi/4.8.3/../../../../arm-none-eabi/lib/armv6-m\libstdc++.a(class_type_info.o)
                0x000089b4                __cxxabiv1::__class_type_info::__do_upcast(__cxxabiv1::__class_type_info const*, void const*, __cxxabiv1::__class_type_info::__upcast_result&) const
 .text._ZNK10__cxxabiv117__class_type_info10__do_catchEPKSt9type_infoPPvj
                0x000089d0       0x28 c:/program files (x86)/arduino/hardware/tools/gcc-arm-none-eabi-4.8.3-2014q1/bin/../lib/gcc/arm-none-eabi/4.8.3/../../../../arm-none-eabi/lib/armv6-m\libstdc++.a(class_type_info.o)
                0x000089d0                __cxxabiv1::__class_type_info::__do_catch(std::type_info const*, void**, unsigned int) const
 .text._ZNK10__cxxabiv117__class_type_info12__do_dyncastEiNS0_10__sub_kindEPKS0_PKvS3_S5_RNS0_16__dyncast_resultE
                0x000089f8       0x40 c:/program files (x86)/arduino/hardware/tools/gcc-arm-none-eabi-4.8.3-2014q1/bin/../lib/gcc/arm-none-eabi/4.8.3/../../../../arm-none-eabi/lib/armv6-m\libstdc++.a(class_type_info.o)
                0x000089f8                __cxxabiv1::__class_type_info::__do_dyncast(int, __cxxabiv1::__class_type_info::__sub_kind, __cxxabiv1::__class_type_info const*, void const*, __cxxabiv1::__class_type_info const*, void const*, __cxxabiv1::__class_type_info::__dyncast_result&) const
 .text._ZN10__cxxabiv120__si_class_type_infoD2Ev
                0x00008a38       0x18 c:/program files (x86)/arduino/hardware/tools/gcc-arm-none-eabi-4.8.3-2014q1/bin/../lib/gcc/arm-none-eabi/4.8.3/../../../../arm-none-eabi/lib/armv6-m\libstdc++.a(si_class_type_info.o)
                0x00008a38                __cxxabiv1::__si_class_type_info::~__si_class_type_info()
                0x00008a38                __cxxabiv1::__si_class_type_info::~__si_class_type_info()
 .text._ZN10__cxxabiv120__si_class_type_infoD0Ev
                0x00008a50       0x1c c:/program files (x86)/arduino/hardware/tools/gcc-arm-none-eabi-4.8.3-2014q1/bin/../lib/gcc/arm-none-eabi/4.8.3/../../../../arm-none-eabi/lib/armv6-m\libstdc++.a(si_class_type_info.o)
                0x00008a50                __cxxabiv1::__si_class_type_info::~__si_class_type_info()
 .text._ZNK10__cxxabiv120__si_class_type_info20__do_find_public_srcEiPKvPKNS_17__class_type_infoES2_
                0x00008a6c       0x38 c:/program files (x86)/arduino/hardware/tools/gcc-arm-none-eabi-4.8.3-2014q1/bin/../lib/gcc/arm-none-eabi/4.8.3/../../../../arm-none-eabi/lib/armv6-m\libstdc++.a(si_class_type_info.o)
                0x00008a6c                __cxxabiv1::__si_class_type_info::__do_find_public_src(int, void const*, __cxxabiv1::__class_type_info const*, void const*) const
 .text._ZNK10__cxxabiv120__si_class_type_info12__do_dyncastEiNS_17__class_type_info10__sub_kindEPKS1_PKvS4_S6_RNS1_16__dyncast_resultE
                0x00008aa4       0x94 c:/program files (x86)/arduino/hardware/tools/gcc-arm-none-eabi-4.8.3-2014q1/bin/../lib/gcc/arm-none-eabi/4.8.3/../../../../arm-none-eabi/lib/armv6-m\libstdc++.a(si_class_type_info.o)
                0x00008aa4                __cxxabiv1::__si_class_type_info::__do_dyncast(int, __cxxabiv1::__class_type_info::__sub_kind, __cxxabiv1::__class_type_info const*, void const*, __cxxabiv1::__class_type_info const*, void const*, __cxxabiv1::__class_type_info::__dyncast_result&) const
 .text._ZNK10__cxxabiv120__si_class_type_info11__do_upcastEPKNS_17__class_type_infoEPKvRNS1_15__upcast_resultE
                0x00008b38       0x24 c:/program files (x86)/arduino/hardware/tools/gcc-arm-none-eabi-4.8.3-2014q1/bin/../lib/gcc/arm-none-eabi/4.8.3/../../../../arm-none-eabi/lib/armv6-m\libstdc++.a(si_class_type_info.o)
                0x00008b38                __cxxabiv1::__si_class_type_info::__do_upcast(__cxxabiv1::__class_type_info const*, void const*, __cxxabiv1::__class_type_info::__upcast_result&) const
 .text._ZL12read_sleb128PKhPl
                0x00008b5c       0x34 c:/program files (x86)/arduino/hardware/tools/gcc-arm-none-eabi-4.8.3-2014q1/bin/../lib/gcc/arm-none-eabi/4.8.3/../../../../arm-none-eabi/lib/armv6-m\libstdc++.a(eh_personality.o)
 .text._ZL28read_encoded_value_with_basehjPKhPj
                0x00008b90       0xe0 c:/program files (x86)/arduino/hardware/tools/gcc-arm-none-eabi-4.8.3-2014q1/bin/../lib/gcc/arm-none-eabi/4.8.3/../../../../arm-none-eabi/lib/armv6-m\libstdc++.a(eh_personality.o)
 .text._ZL21base_of_encoded_valuehP15_Unwind_Context
                0x00008c70       0x44 c:/program files (x86)/arduino/hardware/tools/gcc-arm-none-eabi-4.8.3-2014q1/bin/../lib/gcc/arm-none-eabi/4.8.3/../../../../arm-none-eabi/lib/armv6-m\libstdc++.a(eh_personality.o)
 .text._ZL17parse_lsda_headerP15_Unwind_ContextPKhP16lsda_header_info
                0x00008cb4       0x9c c:/program files (x86)/arduino/hardware/tools/gcc-arm-none-eabi-4.8.3-2014q1/bin/../lib/gcc/arm-none-eabi/4.8.3/../../../../arm-none-eabi/lib/armv6-m\libstdc++.a(eh_personality.o)
 .text.__gxx_personality_v0
                0x00008d50      0x3f8 c:/program files (x86)/arduino/hardware/tools/gcc-arm-none-eabi-4.8.3-2014q1/bin/../lib/gcc/arm-none-eabi/4.8.3/../../../../arm-none-eabi/lib/armv6-m\libstdc++.a(eh_personality.o)
                0x00008d50                __gxx_personality_v0
 .text._ZN10__cxxabiv111__terminateEPFvvE
                0x00009148       0x28 c:/program files (x86)/arduino/hardware/tools/gcc-arm-none-eabi-4.8.3-2014q1/bin/../lib/gcc/arm-none-eabi/4.8.3/../../../../arm-none-eabi/lib/armv6-m\libstdc++.a(eh_terminate.o)
                0x00009148                __cxxabiv1::__terminate(void (*)())
 .text._ZSt9terminatev
                0x00009170       0x10 c:/program files (x86)/arduino/hardware/tools/gcc-arm-none-eabi-4.8.3-2014q1/bin/../lib/gcc/arm-none-eabi/4.8.3/../../../../arm-none-eabi/lib/armv6-m\libstdc++.a(eh_terminate.o)
                0x00009170                std::terminate()
 .text._ZN10__cxxabiv112__unexpectedEPFvvE
                0x00009180        0x8 c:/program files (x86)/arduino/hardware/tools/gcc-arm-none-eabi-4.8.3-2014q1/bin/../lib/gcc/arm-none-eabi/4.8.3/../../../../arm-none-eabi/lib/armv6-m\libstdc++.a(eh_terminate.o)
                0x00009180                __cxxabiv1::__unexpected(void (*)())
 .text._ZSt10unexpectedv
                0x00009188       0x10 c:/program files (x86)/arduino/hardware/tools/gcc-arm-none-eabi-4.8.3-2014q1/bin/../lib/gcc/arm-none-eabi/4.8.3/../../../../arm-none-eabi/lib/armv6-m\libstdc++.a(eh_terminate.o)
                0x00009188                std::unexpected()
 .text.__cxa_get_globals_fast
                0x00009198        0x8 c:/program files (x86)/arduino/hardware/tools/gcc-arm-none-eabi-4.8.3-2014q1/bin/../lib/gcc/arm-none-eabi/4.8.3/../../../../arm-none-eabi/lib/armv6-m\libstdc++.a(eh_globals.o)
                0x00009198                __cxa_get_globals_fast
 .text.__cxa_get_globals
                0x000091a0        0x8 c:/program files (x86)/arduino/hardware/tools/gcc-arm-none-eabi-4.8.3-2014q1/bin/../lib/gcc/arm-none-eabi/4.8.3/../../../../arm-none-eabi/lib/armv6-m\libstdc++.a(eh_globals.o)
                0x000091a0                __cxa_get_globals
 .text.__cxa_begin_catch
                0x000091a8       0x84 c:/program files (x86)/arduino/hardware/tools/gcc-arm-none-eabi-4.8.3-2014q1/bin/../lib/gcc/arm-none-eabi/4.8.3/../../../../arm-none-eabi/lib/armv6-m\libstdc++.a(eh_catch.o)
                0x000091a8                __cxa_begin_catch
 .text.__cxa_end_catch
                0x0000922c       0x90 c:/program files (x86)/arduino/hardware/tools/gcc-arm-none-eabi-4.8.3-2014q1/bin/../lib/gcc/arm-none-eabi/4.8.3/../../../../arm-none-eabi/lib/armv6-m\libstdc++.a(eh_catch.o)
                0x0000922c                __cxa_end_catch
 .text._ZNSt9type_infoD2Ev
                0x000092bc        0xc c:/program files (x86)/arduino/hardware/tools/gcc-arm-none-eabi-4.8.3-2014q1/bin/../lib/gcc/arm-none-eabi/4.8.3/../../../../arm-none-eabi/lib/armv6-m\libstdc++.a(tinfo.o)
                0x000092bc                std::type_info::~type_info()
                0x000092bc                std::type_info::~type_info()
 .text._ZNKSt9type_info14__is_pointer_pEv
                0x000092c8        0x4 c:/program files (x86)/arduino/hardware/tools/gcc-arm-none-eabi-4.8.3-2014q1/bin/../lib/gcc/arm-none-eabi/4.8.3/../../../../arm-none-eabi/lib/armv6-m\libstdc++.a(tinfo.o)
                0x000092c8                std::type_info::__is_pointer_p() const
 .text._ZNKSt9type_info15__is_function_pEv
                0x000092cc        0x4 c:/program files (x86)/arduino/hardware/tools/gcc-arm-none-eabi-4.8.3-2014q1/bin/../lib/gcc/arm-none-eabi/4.8.3/../../../../arm-none-eabi/lib/armv6-m\libstdc++.a(tinfo.o)
                0x000092cc                std::type_info::__is_function_p() const
 .text._ZNKSt9type_info11__do_upcastEPKN10__cxxabiv117__class_type_infoEPPv
                0x000092d0        0x4 c:/program files (x86)/arduino/hardware/tools/gcc-arm-none-eabi-4.8.3-2014q1/bin/../lib/gcc/arm-none-eabi/4.8.3/../../../../arm-none-eabi/lib/armv6-m\libstdc++.a(tinfo.o)
                0x000092d0                std::type_info::__do_upcast(__cxxabiv1::__class_type_info const*, void**) const
 .text._ZNSt9type_infoD0Ev
                0x000092d4       0x18 c:/program files (x86)/arduino/hardware/tools/gcc-arm-none-eabi-4.8.3-2014q1/bin/../lib/gcc/arm-none-eabi/4.8.3/../../../../arm-none-eabi/lib/armv6-m\libstdc++.a(tinfo.o)
                0x000092d4                std::type_info::~type_info()
 .text._ZNKSt9type_infoeqERKS_
                0x000092ec       0x30 c:/program files (x86)/arduino/hardware/tools/gcc-arm-none-eabi-4.8.3-2014q1/bin/../lib/gcc/arm-none-eabi/4.8.3/../../../../arm-none-eabi/lib/armv6-m\libstdc++.a(tinfo.o)
                0x000092ec                std::type_info::operator==(std::type_info const&) const
 .text._ZNKSt9type_info10__do_catchEPKS_PPvj
                0x0000931c        0x8 c:/program files (x86)/arduino/hardware/tools/gcc-arm-none-eabi-4.8.3-2014q1/bin/../lib/gcc/arm-none-eabi/4.8.3/../../../../arm-none-eabi/lib/armv6-m\libstdc++.a(tinfo.o)
                0x0000931c                std::type_info::__do_catch(std::type_info const*, void**, unsigned int) const
 .text._ZNSt9exceptionD2Ev
                0x00009324        0xc c:/program files (x86)/arduino/hardware/tools/gcc-arm-none-eabi-4.8.3-2014q1/bin/../lib/gcc/arm-none-eabi/4.8.3/../../../../arm-none-eabi/lib/armv6-m\libstdc++.a(eh_exception.o)
                0x00009324                std::exception::~exception()
                0x00009324                std::exception::~exception()
 .text._ZNSt13bad_exceptionD2Ev
                0x00009330        0xc c:/program files (x86)/arduino/hardware/tools/gcc-arm-none-eabi-4.8.3-2014q1/bin/../lib/gcc/arm-none-eabi/4.8.3/../../../../arm-none-eabi/lib/armv6-m\libstdc++.a(eh_exception.o)
                0x00009330                std::bad_exception::~bad_exception()
                0x00009330                std::bad_exception::~bad_exception()
 .text._ZNKSt9exception4whatEv
                0x0000933c        0x8 c:/program files (x86)/arduino/hardware/tools/gcc-arm-none-eabi-4.8.3-2014q1/bin/../lib/gcc/arm-none-eabi/4.8.3/../../../../arm-none-eabi/lib/armv6-m\libstdc++.a(eh_exception.o)
                0x0000933c                std::exception::what() const
 .text._ZNKSt13bad_exception4whatEv
                0x00009344        0x8 c:/program files (x86)/arduino/hardware/tools/gcc-arm-none-eabi-4.8.3-2014q1/bin/../lib/gcc/arm-none-eabi/4.8.3/../../../../arm-none-eabi/lib/armv6-m\libstdc++.a(eh_exception.o)
                0x00009344                std::bad_exception::what() const
 .text._ZNSt9exceptionD0Ev
                0x0000934c       0x18 c:/program files (x86)/arduino/hardware/tools/gcc-arm-none-eabi-4.8.3-2014q1/bin/../lib/gcc/arm-none-eabi/4.8.3/../../../../arm-none-eabi/lib/armv6-m\libstdc++.a(eh_exception.o)
                0x0000934c                std::exception::~exception()
 .text._ZNSt13bad_exceptionD0Ev
                0x00009364       0x18 c:/program files (x86)/arduino/hardware/tools/gcc-arm-none-eabi-4.8.3-2014q1/bin/../lib/gcc/arm-none-eabi/4.8.3/../../../../arm-none-eabi/lib/armv6-m\libstdc++.a(eh_exception.o)
                0x00009364                std::bad_exception::~bad_exception()
 .text._ZdlPv   0x0000937c        0xc c:/program files (x86)/arduino/hardware/tools/gcc-arm-none-eabi-4.8.3-2014q1/bin/../lib/gcc/arm-none-eabi/4.8.3/../../../../arm-none-eabi/lib/armv6-m\libstdc++.a(del_op.o)
                0x0000937c                operator delete(void*)
 .text._ZN10__cxxabiv1L24__is_gxx_exception_classEPc
                0x00009388       0x3c c:/program files (x86)/arduino/hardware/tools/gcc-arm-none-eabi-4.8.3-2014q1/bin/../lib/gcc/arm-none-eabi/4.8.3/../../../../arm-none-eabi/lib/armv6-m\libstdc++.a(eh_call.o)
 .text.__cxa_call_terminate
                0x000093c4       0x20 c:/program files (x86)/arduino/hardware/tools/gcc-arm-none-eabi-4.8.3-2014q1/bin/../lib/gcc/arm-none-eabi/4.8.3/../../../../arm-none-eabi/lib/armv6-m\libstdc++.a(eh_call.o)
                0x000093c4                __cxa_call_terminate
 .text.__cxa_call_unexpected
                0x000093e4       0xf4 c:/program files (x86)/arduino/hardware/tools/gcc-arm-none-eabi-4.8.3-2014q1/bin/../lib/gcc/arm-none-eabi/4.8.3/../../../../arm-none-eabi/lib/armv6-m\libstdc++.a(eh_call.o)
                0x000093e4                __cxa_call_unexpected
 .text._ZN9__gnu_cxx27__verbose_terminate_handlerEv
                0x000094d8      0x114 c:/program files (x86)/arduino/hardware/tools/gcc-arm-none-eabi-4.8.3-2014q1/bin/../lib/gcc/arm-none-eabi/4.8.3/../../../../arm-none-eabi/lib/armv6-m\libstdc++.a(vterminate.o)
                0x000094d8                __gnu_cxx::__verbose_terminate_handler()
 .text._ZL23__gxx_exception_cleanup19_Unwind_Reason_CodeP21_Unwind_Control_Block
                0x000095ec       0x28 c:/program files (x86)/arduino/hardware/tools/gcc-arm-none-eabi-4.8.3-2014q1/bin/../lib/gcc/arm-none-eabi/4.8.3/../../../../arm-none-eabi/lib/armv6-m\libstdc++.a(eh_throw.o)
 .text.__cxa_throw
                0x00009614       0x74 c:/program files (x86)/arduino/hardware/tools/gcc-arm-none-eabi-4.8.3-2014q1/bin/../lib/gcc/arm-none-eabi/4.8.3/../../../../arm-none-eabi/lib/armv6-m\libstdc++.a(eh_throw.o)
                0x00009614                __cxa_throw
 .text.__cxa_rethrow
                0x00009688       0x74 c:/program files (x86)/arduino/hardware/tools/gcc-arm-none-eabi-4.8.3-2014q1/bin/../lib/gcc/arm-none-eabi/4.8.3/../../../../arm-none-eabi/lib/armv6-m\libstdc++.a(eh_throw.o)
                0x00009688                __cxa_rethrow
 .text.__cxa_current_exception_type
                0x000096fc       0x24 c:/program files (x86)/arduino/hardware/tools/gcc-arm-none-eabi-4.8.3-2014q1/bin/../lib/gcc/arm-none-eabi/4.8.3/../../../../arm-none-eabi/lib/armv6-m\libstdc++.a(eh_type.o)
                0x000096fc                __cxa_current_exception_type
 .text.__cxa_allocate_exception
                0x00009720       0x58 c:/program files (x86)/arduino/hardware/tools/gcc-arm-none-eabi-4.8.3-2014q1/bin/../lib/gcc/arm-none-eabi/4.8.3/../../../../arm-none-eabi/lib/armv6-m\libstdc++.a(eh_alloc.o)
                0x00009720                __cxa_allocate_exception
 .text.__cxa_free_exception
                0x00009778       0x34 c:/program files (x86)/arduino/hardware/tools/gcc-arm-none-eabi-4.8.3-2014q1/bin/../lib/gcc/arm-none-eabi/4.8.3/../../../../arm-none-eabi/lib/armv6-m\libstdc++.a(eh_alloc.o)
                0x00009778                __cxa_free_exception
 .text          0x000097ac     0x5d44 c:/program files (x86)/arduino/hardware/tools/gcc-arm-none-eabi-4.8.3-2014q1/bin/../lib/gcc/arm-none-eabi/4.8.3/../../../../arm-none-eabi/lib/armv6-m\libstdc++.a(cp-demangle.o)
                0x0000f408                __cxa_demangle
                0x0000f4cc                __gcclibcxx_demangle_callback
 .text          0x0000f4f0       0x40 c:/program files (x86)/arduino/hardware/tools/gcc-arm-none-eabi-4.8.3-2014q1/bin/../lib/gcc/arm-none-eabi/4.8.3/armv6-m\libgcc.a(_aeabi_uldivmod.o)
                0x0000f4f0                __aeabi_uldivmod
 .text          0x0000f530       0x44 c:/program files (x86)/arduino/hardware/tools/gcc-arm-none-eabi-4.8.3-2014q1/bin/../lib/gcc/arm-none-eabi/4.8.3/armv6-m\libgcc.a(_muldi3.o)
                0x0000f530                __muldi3
                0x0000f530                __aeabi_lmul
 .text          0x0000f574       0x6c c:/program files (x86)/arduino/hardware/tools/gcc-arm-none-eabi-4.8.3-2014q1/bin/../lib/gcc/arm-none-eabi/4.8.3/armv6-m\libgcc.a(bpabi.o)
                0x0000f574                __gnu_ldivmod_helper
                0x0000f5ac                __gnu_uldivmod_helper
 .text          0x0000f5e0      0x3b8 c:/program files (x86)/arduino/hardware/tools/gcc-arm-none-eabi-4.8.3-2014q1/bin/../lib/gcc/arm-none-eabi/4.8.3/armv6-m\libgcc.a(_divdi3.o)
                0x0000f5e0                __divdi3
 .text          0x0000f998      0x384 c:/program files (x86)/arduino/hardware/tools/gcc-arm-none-eabi-4.8.3-2014q1/bin/../lib/gcc/arm-none-eabi/4.8.3/armv6-m\libgcc.a(_udivdi3.o)
                0x0000f998                __udivdi3
 .text.fputc    0x0000fd1c       0x2c c:/program files (x86)/arduino/hardware/tools/gcc-arm-none-eabi-4.8.3-2014q1/bin/../lib/gcc/arm-none-eabi/4.8.3/../../../../arm-none-eabi/lib/armv6-m\libc.a(lib_a-fputc.o)
                0x0000fd1c                fputc
 .text._fputs_r
                0x0000fd48       0x58 c:/program files (x86)/arduino/hardware/tools/gcc-arm-none-eabi-4.8.3-2014q1/bin/../lib/gcc/arm-none-eabi/4.8.3/../../../../arm-none-eabi/lib/armv6-m\libc.a(lib_a-fputs.o)
                0x0000fd48                _fputs_r
 .text.fputs    0x0000fda0       0x18 c:/program files (x86)/arduino/hardware/tools/gcc-arm-none-eabi-4.8.3-2014q1/bin/../lib/gcc/arm-none-eabi/4.8.3/../../../../arm-none-eabi/lib/armv6-m\libc.a(lib_a-fputs.o)
                0x0000fda0                fputs
 .text._fwrite_r
                0x0000fdb8       0x70 c:/program files (x86)/arduino/hardware/tools/gcc-arm-none-eabi-4.8.3-2014q1/bin/../lib/gcc/arm-none-eabi/4.8.3/../../../../arm-none-eabi/lib/armv6-m\libc.a(lib_a-fwrite.o)
                0x0000fdb8                _fwrite_r
 .text.fwrite   0x0000fe28       0x24 c:/program files (x86)/arduino/hardware/tools/gcc-arm-none-eabi-4.8.3-2014q1/bin/../lib/gcc/arm-none-eabi/4.8.3/../../../../arm-none-eabi/lib/armv6-m\libc.a(lib_a-fwrite.o)
                0x0000fe28                fwrite
 .text._putc_r  0x0000fe4c       0x5c c:/program files (x86)/arduino/hardware/tools/gcc-arm-none-eabi-4.8.3-2014q1/bin/../lib/gcc/arm-none-eabi/4.8.3/../../../../arm-none-eabi/lib/armv6-m\libc.a(lib_a-putc.o)
                0x0000fe4c                _putc_r
 .text.sprintf  0x0000fea8       0x44 c:/program files (x86)/arduino/hardware/tools/gcc-arm-none-eabi-4.8.3-2014q1/bin/../lib/gcc/arm-none-eabi/4.8.3/../../../../arm-none-eabi/lib/armv6-m\libc.a(lib_a-sprintf.o)
                0x0000fea8                sprintf
 *fill*         0x0000feec        0x4 
 .text._svfprintf_r
                0x0000fef0     0x15c8 c:/program files (x86)/arduino/hardware/tools/gcc-arm-none-eabi-4.8.3-2014q1/bin/../lib/gcc/arm-none-eabi/4.8.3/../../../../arm-none-eabi/lib/armv6-m\libc.a(lib_a-svfprintf.o)
                0x0000fef0                _svfprintf_r
 .text.write    0x000114b8       0x1c c:/program files (x86)/arduino/hardware/tools/gcc-arm-none-eabi-4.8.3-2014q1/bin/../lib/gcc/arm-none-eabi/4.8.3/../../../../arm-none-eabi/lib/armv6-m\libc.a(lib_a-syswrite.o)
                0x000114b8                write
 .text.quorem   0x000114d4      0x150 c:/program files (x86)/arduino/hardware/tools/gcc-arm-none-eabi-4.8.3-2014q1/bin/../lib/gcc/arm-none-eabi/4.8.3/../../../../arm-none-eabi/lib/armv6-m\libc.a(lib_a-dtoa.o)
 *fill*         0x00011624        0x4 
 .text._dtoa_r  0x00011628      0xf38 c:/program files (x86)/arduino/hardware/tools/gcc-arm-none-eabi-4.8.3-2014q1/bin/../lib/gcc/arm-none-eabi/4.8.3/../../../../arm-none-eabi/lib/armv6-m\libc.a(lib_a-dtoa.o)
                0x00011628                _dtoa_r
 .text.__ssprint_r
                0x00012560      0x12c c:/program files (x86)/arduino/hardware/tools/gcc-arm-none-eabi-4.8.3-2014q1/bin/../lib/gcc/arm-none-eabi/4.8.3/../../../../arm-none-eabi/lib/armv6-m\libc.a(lib_a-svfiprintf.o)
                0x00012560                __ssprint_r
 *(.init)
 .init          0x0001268c        0x4 c:/program files (x86)/arduino/hardware/tools/gcc-arm-none-eabi-4.8.3-2014q1/bin/../lib/gcc/arm-none-eabi/4.8.3/armv6-m/crti.o
                0x0001268c                _init
 .init          0x00012690        0x8 c:/program files (x86)/arduino/hardware/tools/gcc-arm-none-eabi-4.8.3-2014q1/bin/../lib/gcc/arm-none-eabi/4.8.3/armv6-m/crtn.o
 *(.fini)
 .fini          0x00012698        0x4 c:/program files (x86)/arduino/hardware/tools/gcc-arm-none-eabi-4.8.3-2014q1/bin/../lib/gcc/arm-none-eabi/4.8.3/armv6-m/crti.o
                0x00012698                _fini
 .fini          0x0001269c        0x8 c:/program files (x86)/arduino/hardware/tools/gcc-arm-none-eabi-4.8.3-2014q1/bin/../lib/gcc/arm-none-eabi/4.8.3/armv6-m/crtn.o
 *crtbegin.o(.ctors)
 *crtbegin?.o(.ctors)
 *(EXCLUDE_FILE(*crtend.o *crtend?.o) .ctors)
 *(SORT(.ctors.*))
 *(.ctors)
 *crtbegin.o(.dtors)
 *crtbegin?.o(.dtors)
 *(EXCLUDE_FILE(*crtend.o *crtend?.o) .dtors)
 *(SORT(.dtors.*))
 *(.dtors)
 *(.rodata*)
 .rodata        0x000126a4       0x70 debug_arduino_zero/startup.o
 .rodata        0x00012714       0x1c debug_arduino_zero/syscalls.o
 .rodata        0x00012730       0x20 debug_arduino_zero/wiring_analog.o
 .rodata        0x00012750       0x74 debug_arduino_zero/test.o
 *fill*         0x000127c4        0x4 
 .rodata._ZTV9IPAddress
                0x000127c8       0x10 debug_arduino_zero/IPAddress.o
                0x000127c8                vtable for IPAddress
 .rodata._ZTV9Printable
                0x000127d8       0x10 debug_arduino_zero/IPAddress.o
                0x000127d8                vtable for Printable
 .rodata._ZTI9IPAddress
                0x000127e8        0xc debug_arduino_zero/IPAddress.o
                0x000127e8                typeinfo for IPAddress
 .rodata._ZTS9IPAddress
                0x000127f4        0xc debug_arduino_zero/IPAddress.o
                0x000127f4                typeinfo name for IPAddress
 .rodata._ZTS9Printable
                0x00012800        0xc debug_arduino_zero/IPAddress.o
                0x00012800                typeinfo name for Printable
 .rodata._ZTI9Printable
                0x0001280c        0x8 debug_arduino_zero/IPAddress.o
                0x0001280c                typeinfo for Printable
 *fill*         0x00012814        0x4 
 .rodata._ZTV5Print
                0x00012818       0x10 debug_arduino_zero/Print.o
                0x00012818                vtable for Print
 .rodata._ZTI5Print
                0x00012828        0x8 debug_arduino_zero/Print.o
                0x00012828                typeinfo for Print
 .rodata._ZTS5Print
                0x00012830        0x8 debug_arduino_zero/Print.o
                0x00012830                typeinfo name for Print
 .rodata._ZTV4Uart
                0x00012838       0x30 debug_arduino_zero/Uart.o
                0x00012838                vtable for Uart
 .rodata._ZTV6Stream
                0x00012868       0x20 debug_arduino_zero/Uart.o
                0x00012868                vtable for Stream
 .rodata._ZTI4Uart
                0x00012888        0xc debug_arduino_zero/Uart.o
                0x00012888                typeinfo for Uart
 .rodata._ZTS4Uart
                0x00012894        0x8 debug_arduino_zero/Uart.o
                0x00012894                typeinfo name for Uart
 .rodata._ZTS6Stream
                0x0001289c        0x8 debug_arduino_zero/Uart.o
                0x0001289c                typeinfo name for Stream
 .rodata._ZTI6Stream
                0x000128a4        0xc debug_arduino_zero/Uart.o
                0x000128a4                typeinfo for Stream
 .rodata        0x000128b0       0x40 c:/program files (x86)/arduino/hardware/tools/gcc-arm-none-eabi-4.8.3-2014q1/bin/../lib/gcc/arm-none-eabi/4.8.3/armv6-m\libgcc.a(divdf3.o)
 .rodata        0x000128f0       0x40 c:/program files (x86)/arduino/hardware/tools/gcc-arm-none-eabi-4.8.3-2014q1/bin/../lib/gcc/arm-none-eabi/4.8.3/armv6-m\libgcc.a(muldf3.o)
 .rodata.str1.4
                0x00012930        0x2 c:/program files (x86)/arduino/hardware/tools/gcc-arm-none-eabi-4.8.3-2014q1/bin/../lib/gcc/arm-none-eabi/4.8.3/../../../../arm-none-eabi/lib/armv6-m\libc.a(lib_a-impure.o)
                                  0x4 (size before relaxing)
 *fill*         0x00012932        0x2 
 .rodata._global_impure_ptr
                0x00012934        0x4 c:/program files (x86)/arduino/hardware/tools/gcc-arm-none-eabi-4.8.3-2014q1/bin/../lib/gcc/arm-none-eabi/4.8.3/../../../../arm-none-eabi/lib/armv6-m\libc.a(lib_a-impure.o)
                0x00012934                _global_impure_ptr
 .rodata._vfiprintf_r
                0x00012938      0x164 c:/program files (x86)/arduino/hardware/tools/gcc-arm-none-eabi-4.8.3-2014q1/bin/../lib/gcc/arm-none-eabi/4.8.3/../../../../arm-none-eabi/lib/armv6-m\libc.a(lib_a-vfiprintf.o)
 .rodata.blanks.6717
                0x00012a9c       0x10 c:/program files (x86)/arduino/hardware/tools/gcc-arm-none-eabi-4.8.3-2014q1/bin/../lib/gcc/arm-none-eabi/4.8.3/../../../../arm-none-eabi/lib/armv6-m\libc.a(lib_a-vfiprintf.o)
 .rodata.str1.4
                0x00012aac       0x2f c:/program files (x86)/arduino/hardware/tools/gcc-arm-none-eabi-4.8.3-2014q1/bin/../lib/gcc/arm-none-eabi/4.8.3/../../../../arm-none-eabi/lib/armv6-m\libc.a(lib_a-vfiprintf.o)
                                 0x30 (size before relaxing)
 *fill*         0x00012adb        0x1 
 .rodata.zeroes.6718
                0x00012adc       0x10 c:/program files (x86)/arduino/hardware/tools/gcc-arm-none-eabi-4.8.3-2014q1/bin/../lib/gcc/arm-none-eabi/4.8.3/../../../../arm-none-eabi/lib/armv6-m\libc.a(lib_a-vfiprintf.o)
 .rodata.str1.4
                0x00012aec        0xa c:/program files (x86)/arduino/hardware/tools/gcc-arm-none-eabi-4.8.3-2014q1/bin/../lib/gcc/arm-none-eabi/4.8.3/../../../../arm-none-eabi/lib/armv6-m\libc.a(lib_a-locale.o)
                                 0x14 (size before relaxing)
 *fill*         0x00012af6        0x2 
 .rodata.__mprec_tens
                0x00012af8       0xc8 c:/program files (x86)/arduino/hardware/tools/gcc-arm-none-eabi-4.8.3-2014q1/bin/../lib/gcc/arm-none-eabi/4.8.3/../../../../arm-none-eabi/lib/armv6-m\libc.a(lib_a-mprec.o)
                0x00012af8                __mprec_tens
 .rodata.__mprec_bigtens
                0x00012bc0       0x28 c:/program files (x86)/arduino/hardware/tools/gcc-arm-none-eabi-4.8.3-2014q1/bin/../lib/gcc/arm-none-eabi/4.8.3/../../../../arm-none-eabi/lib/armv6-m\libc.a(lib_a-mprec.o)
                0x00012bc0                __mprec_bigtens
 .rodata.p05.5266
                0x00012be8        0xc c:/program files (x86)/arduino/hardware/tools/gcc-arm-none-eabi-4.8.3-2014q1/bin/../lib/gcc/arm-none-eabi/4.8.3/../../../../arm-none-eabi/lib/armv6-m\libc.a(lib_a-mprec.o)
 .rodata.str1.4
                0x00012bf4       0x3b c:/program files (x86)/arduino/hardware/tools/gcc-arm-none-eabi-4.8.3-2014q1/bin/../lib/gcc/arm-none-eabi/4.8.3/../../../../arm-none-eabi/lib/armv6-m\libstdc++.a(pure.o)
                                 0x3c (size before relaxing)
 *fill*         0x00012c2f        0x1 
 .rodata._ZTVN10__cxxabiv117__class_type_infoE
                0x00012c30       0x30 c:/program files (x86)/arduino/hardware/tools/gcc-arm-none-eabi-4.8.3-2014q1/bin/../lib/gcc/arm-none-eabi/4.8.3/../../../../arm-none-eabi/lib/armv6-m\libstdc++.a(class_type_info.o)
                0x00012c30                vtable for __cxxabiv1::__class_type_info
 .rodata._ZTIN10__cxxabiv117__class_type_infoE
                0x00012c60        0xc c:/program files (x86)/arduino/hardware/tools/gcc-arm-none-eabi-4.8.3-2014q1/bin/../lib/gcc/arm-none-eabi/4.8.3/../../../../arm-none-eabi/lib/armv6-m\libstdc++.a(class_type_info.o)
                0x00012c60                typeinfo for __cxxabiv1::__class_type_info
 .rodata._ZTSN10__cxxabiv117__class_type_infoE
                0x00012c6c       0x24 c:/program files (x86)/arduino/hardware/tools/gcc-arm-none-eabi-4.8.3-2014q1/bin/../lib/gcc/arm-none-eabi/4.8.3/../../../../arm-none-eabi/lib/armv6-m\libstdc++.a(class_type_info.o)
                0x00012c6c                typeinfo name for __cxxabiv1::__class_type_info
 .rodata._ZTVN10__cxxabiv120__si_class_type_infoE
                0x00012c90       0x30 c:/program files (x86)/arduino/hardware/tools/gcc-arm-none-eabi-4.8.3-2014q1/bin/../lib/gcc/arm-none-eabi/4.8.3/../../../../arm-none-eabi/lib/armv6-m\libstdc++.a(si_class_type_info.o)
                0x00012c90                vtable for __cxxabiv1::__si_class_type_info
 .rodata._ZTIN10__cxxabiv120__si_class_type_infoE
                0x00012cc0        0xc c:/program files (x86)/arduino/hardware/tools/gcc-arm-none-eabi-4.8.3-2014q1/bin/../lib/gcc/arm-none-eabi/4.8.3/../../../../arm-none-eabi/lib/armv6-m\libstdc++.a(si_class_type_info.o)
                0x00012cc0                typeinfo for __cxxabiv1::__si_class_type_info
 .rodata._ZTSN10__cxxabiv120__si_class_type_infoE
                0x00012ccc       0x28 c:/program files (x86)/arduino/hardware/tools/gcc-arm-none-eabi-4.8.3-2014q1/bin/../lib/gcc/arm-none-eabi/4.8.3/../../../../arm-none-eabi/lib/armv6-m\libstdc++.a(si_class_type_info.o)
                0x00012ccc                typeinfo name for __cxxabiv1::__si_class_type_info
 .rodata._ZL28read_encoded_value_with_basehjPKhPj
                0x00012cf4       0x34 c:/program files (x86)/arduino/hardware/tools/gcc-arm-none-eabi-4.8.3-2014q1/bin/../lib/gcc/arm-none-eabi/4.8.3/../../../../arm-none-eabi/lib/armv6-m\libstdc++.a(eh_personality.o)
 .rodata._ZTISt9type_info
                0x00012d28        0x8 c:/program files (x86)/arduino/hardware/tools/gcc-arm-none-eabi-4.8.3-2014q1/bin/../lib/gcc/arm-none-eabi/4.8.3/../../../../arm-none-eabi/lib/armv6-m\libstdc++.a(tinfo.o)
                0x00012d28                typeinfo for std::type_info
 .rodata._ZTSSt9type_info
                0x00012d30       0x10 c:/program files (x86)/arduino/hardware/tools/gcc-arm-none-eabi-4.8.3-2014q1/bin/../lib/gcc/arm-none-eabi/4.8.3/../../../../arm-none-eabi/lib/armv6-m\libstdc++.a(tinfo.o)
                0x00012d30                typeinfo name for std::type_info
 .rodata._ZTVSt9type_info
                0x00012d40       0x20 c:/program files (x86)/arduino/hardware/tools/gcc-arm-none-eabi-4.8.3-2014q1/bin/../lib/gcc/arm-none-eabi/4.8.3/../../../../arm-none-eabi/lib/armv6-m\libstdc++.a(tinfo.o)
                0x00012d40                vtable for std::type_info
 .rodata._ZTVSt9exception
                0x00012d60       0x18 c:/program files (x86)/arduino/hardware/tools/gcc-arm-none-eabi-4.8.3-2014q1/bin/../lib/gcc/arm-none-eabi/4.8.3/../../../../arm-none-eabi/lib/armv6-m\libstdc++.a(eh_exception.o)
                0x00012d60                vtable for std::exception
 .rodata._ZTIN10__cxxabiv115__forced_unwindE
                0x00012d78        0x8 c:/program files (x86)/arduino/hardware/tools/gcc-arm-none-eabi-4.8.3-2014q1/bin/../lib/gcc/arm-none-eabi/4.8.3/../../../../arm-none-eabi/lib/armv6-m\libstdc++.a(eh_exception.o)
                0x00012d78                typeinfo for __cxxabiv1::__forced_unwind
 .rodata._ZTISt9exception
                0x00012d80        0x8 c:/program files (x86)/arduino/hardware/tools/gcc-arm-none-eabi-4.8.3-2014q1/bin/../lib/gcc/arm-none-eabi/4.8.3/../../../../arm-none-eabi/lib/armv6-m\libstdc++.a(eh_exception.o)
                0x00012d80                typeinfo for std::exception
 .rodata._ZTSSt13bad_exception
                0x00012d88       0x14 c:/program files (x86)/arduino/hardware/tools/gcc-arm-none-eabi-4.8.3-2014q1/bin/../lib/gcc/arm-none-eabi/4.8.3/../../../../arm-none-eabi/lib/armv6-m\libstdc++.a(eh_exception.o)
                0x00012d88                typeinfo name for std::bad_exception
 .rodata.str1.4
                0x00012d9c       0x23 c:/program files (x86)/arduino/hardware/tools/gcc-arm-none-eabi-4.8.3-2014q1/bin/../lib/gcc/arm-none-eabi/4.8.3/../../../../arm-none-eabi/lib/armv6-m\libstdc++.a(eh_exception.o)
                                 0x24 (size before relaxing)
 *fill*         0x00012dbf        0x1 
 .rodata._ZTSN10__cxxabiv119__foreign_exceptionE
                0x00012dc0       0x24 c:/program files (x86)/arduino/hardware/tools/gcc-arm-none-eabi-4.8.3-2014q1/bin/../lib/gcc/arm-none-eabi/4.8.3/../../../../arm-none-eabi/lib/armv6-m\libstdc++.a(eh_exception.o)
                0x00012dc0                typeinfo name for __cxxabiv1::__foreign_exception
 .rodata._ZTIN10__cxxabiv119__foreign_exceptionE
                0x00012de4        0x8 c:/program files (x86)/arduino/hardware/tools/gcc-arm-none-eabi-4.8.3-2014q1/bin/../lib/gcc/arm-none-eabi/4.8.3/../../../../arm-none-eabi/lib/armv6-m\libstdc++.a(eh_exception.o)
                0x00012de4                typeinfo for __cxxabiv1::__foreign_exception
 *fill*         0x00012dec        0x4 
 .rodata._ZTVSt13bad_exception
                0x00012df0       0x18 c:/program files (x86)/arduino/hardware/tools/gcc-arm-none-eabi-4.8.3-2014q1/bin/../lib/gcc/arm-none-eabi/4.8.3/../../../../arm-none-eabi/lib/armv6-m\libstdc++.a(eh_exception.o)
                0x00012df0                vtable for std::bad_exception
 .rodata._ZTSSt9exception
                0x00012e08       0x10 c:/program files (x86)/arduino/hardware/tools/gcc-arm-none-eabi-4.8.3-2014q1/bin/../lib/gcc/arm-none-eabi/4.8.3/../../../../arm-none-eabi/lib/armv6-m\libstdc++.a(eh_exception.o)
                0x00012e08                typeinfo name for std::exception
 .rodata._ZTSN10__cxxabiv115__forced_unwindE
                0x00012e18       0x20 c:/program files (x86)/arduino/hardware/tools/gcc-arm-none-eabi-4.8.3-2014q1/bin/../lib/gcc/arm-none-eabi/4.8.3/../../../../arm-none-eabi/lib/armv6-m\libstdc++.a(eh_exception.o)
                0x00012e18                typeinfo name for __cxxabiv1::__forced_unwind
 .rodata._ZTISt13bad_exception
                0x00012e38        0xc c:/program files (x86)/arduino/hardware/tools/gcc-arm-none-eabi-4.8.3-2014q1/bin/../lib/gcc/arm-none-eabi/4.8.3/../../../../arm-none-eabi/lib/armv6-m\libstdc++.a(eh_exception.o)
                0x00012e38                typeinfo for std::bad_exception
 .rodata.str1.4
                0x00012e44       0x94 c:/program files (x86)/arduino/hardware/tools/gcc-arm-none-eabi-4.8.3-2014q1/bin/../lib/gcc/arm-none-eabi/4.8.3/../../../../arm-none-eabi/lib/armv6-m\libstdc++.a(vterminate.o)
 .rodata        0x00012ed8     0x1020 c:/program files (x86)/arduino/hardware/tools/gcc-arm-none-eabi-4.8.3-2014q1/bin/../lib/gcc/arm-none-eabi/4.8.3/../../../../arm-none-eabi/lib/armv6-m\libstdc++.a(cp-demangle.o)
 .rodata.str1.4
                0x00013ef8      0x7ee c:/program files (x86)/arduino/hardware/tools/gcc-arm-none-eabi-4.8.3-2014q1/bin/../lib/gcc/arm-none-eabi/4.8.3/../../../../arm-none-eabi/lib/armv6-m\libstdc++.a(cp-demangle.o)
                                0x840 (size before relaxing)
 *fill*         0x000146e6        0x2 
 .rodata._svfprintf_r
                0x000146e8      0x164 c:/program files (x86)/arduino/hardware/tools/gcc-arm-none-eabi-4.8.3-2014q1/bin/../lib/gcc/arm-none-eabi/4.8.3/../../../../arm-none-eabi/lib/armv6-m\libc.a(lib_a-svfprintf.o)
 .rodata.zeroes.6760
                0x0001484c       0x10 c:/program files (x86)/arduino/hardware/tools/gcc-arm-none-eabi-4.8.3-2014q1/bin/../lib/gcc/arm-none-eabi/4.8.3/../../../../arm-none-eabi/lib/armv6-m\libc.a(lib_a-svfprintf.o)
 .rodata.str1.4
                0x0001485c       0x12 c:/program files (x86)/arduino/hardware/tools/gcc-arm-none-eabi-4.8.3-2014q1/bin/../lib/gcc/arm-none-eabi/4.8.3/../../../../arm-none-eabi/lib/armv6-m\libc.a(lib_a-svfprintf.o)
                                 0x44 (size before relaxing)
 *fill*         0x0001486e        0x2 
 .rodata.blanks.6759
                0x00014870       0x10 c:/program files (x86)/arduino/hardware/tools/gcc-arm-none-eabi-4.8.3-2014q1/bin/../lib/gcc/arm-none-eabi/4.8.3/../../../../arm-none-eabi/lib/armv6-m\libc.a(lib_a-svfprintf.o)
 .rodata.str1.4
                0x00014880       0x10 c:/program files (x86)/arduino/hardware/tools/gcc-arm-none-eabi-4.8.3-2014q1/bin/../lib/gcc/arm-none-eabi/4.8.3/../../../../arm-none-eabi/lib/armv6-m\libc.a(lib_a-dtoa.o)
                                 0x14 (size before relaxing)
 *(.eh_frame*)
 .eh_frame      0x00014890        0x0 c:/program files (x86)/arduino/hardware/tools/gcc-arm-none-eabi-4.8.3-2014q1/bin/../lib/gcc/arm-none-eabi/4.8.3/armv6-m/crtbegin.o
 .eh_frame      0x00014890        0x4 c:/program files (x86)/arduino/hardware/tools/gcc-arm-none-eabi-4.8.3-2014q1/bin/../lib/gcc/arm-none-eabi/4.8.3/armv6-m/crtend.o

.glue_7         0x00014894        0x0
 .glue_7        0x00000000        0x0 linker stubs

.glue_7t        0x00014894        0x0
 .glue_7t       0x00000000        0x0 linker stubs

.vfp11_veneer   0x00014894        0x0
 .vfp11_veneer  0x00000000        0x0 linker stubs

.v4_bx          0x00014894        0x0
 .v4_bx         0x00000000        0x0 linker stubs

.iplt           0x00014894        0x0
 .iplt          0x00000000        0x0 c:/program files (x86)/arduino/hardware/tools/gcc-arm-none-eabi-4.8.3-2014q1/bin/../lib/gcc/arm-none-eabi/4.8.3/armv6-m/crtbegin.o

.ARM.extab      0x00014894      0x390
 *(.ARM.extab* .gnu.linkonce.armextab.*)
 .ARM.extab.text._ZN15StringSumHelperC2ERK6String
                0x00014894        0xc debug_arduino_zero/test.o
 .ARM.extab.text.setup
                0x000148a0       0x40 debug_arduino_zero/test.o
 .ARM.extab.text._ZN15StringSumHelperD2Ev
                0x000148e0        0xc debug_arduino_zero/test.o
 .ARM.extab.text.loop
                0x000148ec       0x80 debug_arduino_zero/test.o
 .ARM.extab.text._ZN9PrintableC2Ev
                0x0001496c        0x0 debug_arduino_zero/IPAddress.o
 .ARM.extab.text._ZNK9IPAddress7printToER5Print
                0x0001496c        0xc debug_arduino_zero/IPAddress.o
 .ARM.extab.text._ZNK6String6lengthEv
                0x00014978        0x0 debug_arduino_zero/Print.o
 .ARM.extab.text._ZNK6String5c_strEv
                0x00014978        0x0 debug_arduino_zero/Print.o
 .ARM.extab.text._ZN5Print5writeEPKc
                0x00014978        0xc debug_arduino_zero/Print.o
 .ARM.extab.text._ZN5Print5writeEPKcj
                0x00014984        0xc debug_arduino_zero/Print.o
 .ARM.extab.text._ZN5Print5writeEPKhj
                0x00014990        0xc debug_arduino_zero/Print.o
 .ARM.extab.text._ZN5Print5printERK6String
                0x0001499c        0xc debug_arduino_zero/Print.o
 .ARM.extab.text._ZN5Print5printEPKc
                0x000149a8        0xc debug_arduino_zero/Print.o
 .ARM.extab.text._ZN5Print5printEc
                0x000149b4        0xc debug_arduino_zero/Print.o
 .ARM.extab.text._ZN5Print5printEhi
                0x000149c0        0xc debug_arduino_zero/Print.o
 .ARM.extab.text._ZN5Print5printEmi
                0x000149cc        0xc debug_arduino_zero/Print.o
 .ARM.extab.text._ZN5Print7printlnEv
                0x000149d8        0xc debug_arduino_zero/Print.o
 .ARM.extab.text._ZN5Print7printlnERK6String
                0x000149e4        0xc debug_arduino_zero/Print.o
 .ARM.extab.text._ZN5Print7printlnEPKc
                0x000149f0        0xc debug_arduino_zero/Print.o
 .ARM.extab.text._ZN5Print11printNumberEmh
                0x000149fc        0xc debug_arduino_zero/Print.o
 .ARM.extab.text._ZN5PrintC2Ev
                0x00014a08        0x0 debug_arduino_zero/Uart.o
 .ARM.extab.text._ZN6StreamC2Ev
                0x00014a08        0x0 debug_arduino_zero/Uart.o
 .ARM.extab.text._ZN4UartcvbEv
                0x00014a08        0x0 debug_arduino_zero/Uart.o
 .ARM.extab.text._ZN14HardwareSerialC2Ev
                0x00014a08        0x0 debug_arduino_zero/Uart.o
 .ARM.extab.text._ZN4UartC2EP6SERCOMhh
                0x00014a08        0xc debug_arduino_zero/Uart.o
 .ARM.extab.text._ZN4Uart4peekEv
                0x00014a14        0xc debug_arduino_zero/Uart.o
 .ARM.extab.text._ZN6StringC2EPKc
                0x00014a20        0xc debug_arduino_zero/WString.o
 .ARM.extab.text._ZN6StringC2ERKS_
                0x00014a2c        0xc debug_arduino_zero/WString.o
 .ARM.extab.text._ZN6String4initEv
                0x00014a38        0x0 debug_arduino_zero/WString.o
 .ARM.extab.text._ZN6String6concatEi
                0x00014a38        0xc debug_arduino_zero/WString.o
 .ARM.extab.text._ZN6String6concatEm
                0x00014a44        0xc debug_arduino_zero/WString.o
 .ARM.extab.text._ZplRK15StringSumHelperi
                0x00014a50        0xc debug_arduino_zero/WString.o
 .ARM.extab.text._ZplRK15StringSumHelperm
                0x00014a5c        0xc debug_arduino_zero/WString.o
 .ARM.extab     0x00014a68       0x6c c:/program files (x86)/arduino/hardware/tools/gcc-arm-none-eabi-4.8.3-2014q1/bin/../lib/gcc/arm-none-eabi/4.8.3/armv6-m\libgcc.a(unwind-arm.o)
 .ARM.extab     0x00014ad4       0x30 c:/program files (x86)/arduino/hardware/tools/gcc-arm-none-eabi-4.8.3-2014q1/bin/../lib/gcc/arm-none-eabi/4.8.3/armv6-m\libgcc.a(pr-support.o)
 .ARM.extab.text.__cxa_pure_virtual
                0x00014b04        0xc c:/program files (x86)/arduino/hardware/tools/gcc-arm-none-eabi-4.8.3-2014q1/bin/../lib/gcc/arm-none-eabi/4.8.3/../../../../arm-none-eabi/lib/armv6-m\libstdc++.a(pure.o)
 .ARM.extab.text._ZNK10__cxxabiv120__si_class_type_info12__do_dyncastEiNS_17__class_type_info10__sub_kindEPKS1_PKvS4_S6_RNS1_16__dyncast_resultE
                0x00014b10        0xc c:/program files (x86)/arduino/hardware/tools/gcc-arm-none-eabi-4.8.3-2014q1/bin/../lib/gcc/arm-none-eabi/4.8.3/../../../../arm-none-eabi/lib/armv6-m\libstdc++.a(si_class_type_info.o)
 .ARM.extab.text._ZL28read_encoded_value_with_basehjPKhPj